../Core/Src/main.c:107:6:Init	1
../Core/Src/main.c:168:6:_Init_7Seg	1
../Core/Src/main.c:180:6:_Init_Motor	1
../Core/Src/main.c:196:6:_Init_Switch	1
../Core/Src/main.c:208:6:_Init_Console	1
../Core/Src/main.c:214:6:_Init_RotaryEncoder	1
../Core/Src/main.c:227:6:_Init_PID	1
../Core/Src/main.c:240:6:_Init_CAN	1
../Core/Src/main.c:258:9:DeriveUpper2digits	5
../Core/Src/main.c:275:6:CommandIdentification	47
../Core/Src/main.c:437:6:PID_MotorControl	12
../Core/Src/main.c:491:10:_Motor_Amplitude_Optimization	1
../Core/Src/main.c:496:10:_Re_Motor_Amplitude_Optimization	1
../Core/Src/main.c:501:6:Motor_SetSpeed	6
../Core/Src/main.c:537:6:HAL_CAN_RxFifo0MsgPendingCallback	2
../Core/Src/main.c:554:5:main	16
../Core/Src/main.c:683:6:SystemClock_Config	4
../Core/Src/main.c:730:13:MX_CAN_Init	2
../Core/Src/main.c:767:13:MX_TIM1_Init	4
../Core/Src/main.c:814:13:MX_TIM2_Init	6
../Core/Src/main.c:873:13:MX_TIM3_Init	6
../Core/Src/main.c:932:13:MX_USART1_UART_Init	2
../Core/Src/main.c:967:13:MX_USART2_UART_Init	2
../Core/Src/main.c:1002:13:MX_GPIO_Init	1
../Core/Src/main.c:1053:6:Error_Handler	1
