Archive member included to satisfy reference by file (symbol)

/home/maheo/st/stm32cubeide_1.17.0/plugins/com.st.stm32cube.ide.mcu.externaltools.gnu-tools-for-stm32.13.3.rel1.linux64_1.0.0.202410170706/tools/bin/../lib/gcc/arm-none-eabi/13.3.1/../../../../arm-none-eabi/lib/thumb/v7e-m+fp/hard/libc_nano.a(libc_a-atoi.o)
                              ./Core/Src/D-M-005/Console/Command.o (atoi)
/home/maheo/st/stm32cubeide_1.17.0/plugins/com.st.stm32cube.ide.mcu.externaltools.gnu-tools-for-stm32.13.3.rel1.linux64_1.0.0.202410170706/tools/bin/../lib/gcc/arm-none-eabi/13.3.1/../../../../arm-none-eabi/lib/thumb/v7e-m+fp/hard/libc_nano.a(libc_a-exit.o)
                              /home/maheo/st/stm32cubeide_1.17.0/plugins/com.st.stm32cube.ide.mcu.externaltools.gnu-tools-for-stm32.13.3.rel1.linux64_1.0.0.202410170706/tools/bin/../lib/gcc/arm-none-eabi/13.3.1/../../../../arm-none-eabi/lib/thumb/v7e-m+fp/hard/crt0.o (exit)
/home/maheo/st/stm32cubeide_1.17.0/plugins/com.st.stm32cube.ide.mcu.externaltools.gnu-tools-for-stm32.13.3.rel1.linux64_1.0.0.202410170706/tools/bin/../lib/gcc/arm-none-eabi/13.3.1/../../../../arm-none-eabi/lib/thumb/v7e-m+fp/hard/libc_nano.a(libc_a-strtol.o)
                              /home/maheo/st/stm32cubeide_1.17.0/plugins/com.st.stm32cube.ide.mcu.externaltools.gnu-tools-for-stm32.13.3.rel1.linux64_1.0.0.202410170706/tools/bin/../lib/gcc/arm-none-eabi/13.3.1/../../../../arm-none-eabi/lib/thumb/v7e-m+fp/hard/libc_nano.a(libc_a-atoi.o) (_strtol_r)
/home/maheo/st/stm32cubeide_1.17.0/plugins/com.st.stm32cube.ide.mcu.externaltools.gnu-tools-for-stm32.13.3.rel1.linux64_1.0.0.202410170706/tools/bin/../lib/gcc/arm-none-eabi/13.3.1/../../../../arm-none-eabi/lib/thumb/v7e-m+fp/hard/libc_nano.a(libc_a-ctype_.o)
                              /home/maheo/st/stm32cubeide_1.17.0/plugins/com.st.stm32cube.ide.mcu.externaltools.gnu-tools-for-stm32.13.3.rel1.linux64_1.0.0.202410170706/tools/bin/../lib/gcc/arm-none-eabi/13.3.1/../../../../arm-none-eabi/lib/thumb/v7e-m+fp/hard/libc_nano.a(libc_a-strtol.o) (_ctype_)
/home/maheo/st/stm32cubeide_1.17.0/plugins/com.st.stm32cube.ide.mcu.externaltools.gnu-tools-for-stm32.13.3.rel1.linux64_1.0.0.202410170706/tools/bin/../lib/gcc/arm-none-eabi/13.3.1/../../../../arm-none-eabi/lib/thumb/v7e-m+fp/hard/libc_nano.a(libc_a-findfp.o)
                              /home/maheo/st/stm32cubeide_1.17.0/plugins/com.st.stm32cube.ide.mcu.externaltools.gnu-tools-for-stm32.13.3.rel1.linux64_1.0.0.202410170706/tools/bin/../lib/gcc/arm-none-eabi/13.3.1/../../../../arm-none-eabi/lib/thumb/v7e-m+fp/hard/libc_nano.a(libc_a-exit.o) (__stdio_exit_handler)
/home/maheo/st/stm32cubeide_1.17.0/plugins/com.st.stm32cube.ide.mcu.externaltools.gnu-tools-for-stm32.13.3.rel1.linux64_1.0.0.202410170706/tools/bin/../lib/gcc/arm-none-eabi/13.3.1/../../../../arm-none-eabi/lib/thumb/v7e-m+fp/hard/libc_nano.a(libc_a-fwalk.o)
                              /home/maheo/st/stm32cubeide_1.17.0/plugins/com.st.stm32cube.ide.mcu.externaltools.gnu-tools-for-stm32.13.3.rel1.linux64_1.0.0.202410170706/tools/bin/../lib/gcc/arm-none-eabi/13.3.1/../../../../arm-none-eabi/lib/thumb/v7e-m+fp/hard/libc_nano.a(libc_a-findfp.o) (_fwalk_sglue)
/home/maheo/st/stm32cubeide_1.17.0/plugins/com.st.stm32cube.ide.mcu.externaltools.gnu-tools-for-stm32.13.3.rel1.linux64_1.0.0.202410170706/tools/bin/../lib/gcc/arm-none-eabi/13.3.1/../../../../arm-none-eabi/lib/thumb/v7e-m+fp/hard/libc_nano.a(libc_a-sprintf.o)
                              ./Core/Src/D-M-005/Console/Ditel_Printf.o (sprintf)
/home/maheo/st/stm32cubeide_1.17.0/plugins/com.st.stm32cube.ide.mcu.externaltools.gnu-tools-for-stm32.13.3.rel1.linux64_1.0.0.202410170706/tools/bin/../lib/gcc/arm-none-eabi/13.3.1/../../../../arm-none-eabi/lib/thumb/v7e-m+fp/hard/libc_nano.a(libc_a-stdio.o)
                              /home/maheo/st/stm32cubeide_1.17.0/plugins/com.st.stm32cube.ide.mcu.externaltools.gnu-tools-for-stm32.13.3.rel1.linux64_1.0.0.202410170706/tools/bin/../lib/gcc/arm-none-eabi/13.3.1/../../../../arm-none-eabi/lib/thumb/v7e-m+fp/hard/libc_nano.a(libc_a-findfp.o) (__sread)
/home/maheo/st/stm32cubeide_1.17.0/plugins/com.st.stm32cube.ide.mcu.externaltools.gnu-tools-for-stm32.13.3.rel1.linux64_1.0.0.202410170706/tools/bin/../lib/gcc/arm-none-eabi/13.3.1/../../../../arm-none-eabi/lib/thumb/v7e-m+fp/hard/libc_nano.a(libc_a-memset.o)
                              /home/maheo/st/stm32cubeide_1.17.0/plugins/com.st.stm32cube.ide.mcu.externaltools.gnu-tools-for-stm32.13.3.rel1.linux64_1.0.0.202410170706/tools/bin/../lib/gcc/arm-none-eabi/13.3.1/../../../../arm-none-eabi/lib/thumb/v7e-m+fp/hard/crt0.o (memset)
/home/maheo/st/stm32cubeide_1.17.0/plugins/com.st.stm32cube.ide.mcu.externaltools.gnu-tools-for-stm32.13.3.rel1.linux64_1.0.0.202410170706/tools/bin/../lib/gcc/arm-none-eabi/13.3.1/../../../../arm-none-eabi/lib/thumb/v7e-m+fp/hard/libc_nano.a(libc_a-strcat.o)
                              ./Core/Src/D-M-005/Console/Ditel_Printf.o (strcat)
[...]
Memory Configuration

Name             Origin             Length             Attributes
CCMRAM           0x10000000         0x00001000         xrw
RAM              0x20000000         0x00003000         xrw
FLASH            0x08000000         0x00010000         xr
*default*        0x00000000         0xffffffff

Linker script and memory map

LOAD /home/maheo/st/stm32cubeide_1.17.0/plugins/com.st.stm32cube.ide.mcu.externaltools.gnu-tools-for-stm32.13.3.rel1.linux64_1.0.0.202410170706/tools/bin/../lib/gcc/arm-none-eabi/13.3.1/thumb/v7e-m+fp/hard/crti.o
LOAD /home/maheo/st/stm32cubeide_1.17.0/plugins/com.st.stm32cube.ide.mcu.externaltools.gnu-tools-for-stm32.13.3.rel1.linux64_1.0.0.202410170706/tools/bin/../lib/gcc/arm-none-eabi/13.3.1/thumb/v7e-m+fp/hard/crtbegin.o
LOAD /home/maheo/st/stm32cubeide_1.17.0/plugins/com.st.stm32cube.ide.mcu.externaltools.gnu-tools-for-stm32.13.3.rel1.linux64_1.0.0.202410170706/tools/bin/../lib/gcc/arm-none-eabi/13.3.1/../../../../arm-none-eabi/lib/thumb/v7e-m+fp/hard/crt0.o
LOAD ./Core/Src/D-M-005/7Seg.o
LOAD ./Core/Src/D-M-005/Motor.o
LOAD ./Core/Src/D-M-005/PID.o
LOAD ./Core/Src/D-M-005/RotaryEncoder.o
LOAD ./Core/Src/D-M-005/Swtich.o
LOAD ./Core/Src/D-M-005/Utility.o
LOAD ./Core/Src/D-M-005/Console/Command.o
LOAD ./Core/Src/D-M-005/Console/Console.o
LOAD ./Core/Src/D-M-005/Console/Ditel_Printf.o
LOAD ./Core/Src/main.o
LOAD ./Core/Src/stm32f3xx_hal_msp.o
LOAD ./Core/Src/stm32f3xx_it.o
LOAD ./Core/Src/syscalls.o
LOAD ./Core/Src/sysmem.o
LOAD ./Core/Src/system_stm32f3xx.o
LOAD ./Core/Startup/startup_stm32f303k8tx.o
LOAD ./Drivers/STM32F3xx_HAL_Driver/Src/stm32f3xx_hal.o
LOAD ./Drivers/STM32F3xx_HAL_Driver/Src/stm32f3xx_hal_can.o
LOAD ./Drivers/STM32F3xx_HAL_Driver/Src/stm32f3xx_hal_cortex.o
LOAD ./Drivers/STM32F3xx_HAL_Driver/Src/stm32f3xx_hal_dma.o
LOAD ./Drivers/STM32F3xx_HAL_Driver/Src/stm32f3xx_hal_exti.o
LOAD ./Drivers/STM32F3xx_HAL_Driver/Src/stm32f3xx_hal_flash.o
LOAD ./Drivers/STM32F3xx_HAL_Driver/Src/stm32f3xx_hal_flash_ex.o
LOAD ./Drivers/STM32F3xx_HAL_Driver/Src/stm32f3xx_hal_gpio.o
LOAD ./Drivers/STM32F3xx_HAL_Driver/Src/stm32f3xx_hal_i2c.o
LOAD ./Drivers/STM32F3xx_HAL_Driver/Src/stm32f3xx_hal_i2c_ex.o
LOAD ./Drivers/STM32F3xx_HAL_Driver/Src/stm32f3xx_hal_pwr.o
LOAD ./Drivers/STM32F3xx_HAL_Driver/Src/stm32f3xx_hal_pwr_ex.o
LOAD ./Drivers/STM32F3xx_HAL_Driver/Src/stm32f3xx_hal_rcc.o
LOAD ./Drivers/STM32F3xx_HAL_Driver/Src/stm32f3xx_hal_rcc_ex.o
LOAD ./Drivers/STM32F3xx_HAL_Driver/Src/stm32f3xx_hal_tim.o
LOAD ./Drivers/STM32F3xx_HAL_Driver/Src/stm32f3xx_hal_tim_ex.o
LOAD ./Drivers/STM32F3xx_HAL_Driver/Src/stm32f3xx_hal_uart.o
LOAD ./Drivers/STM32F3xx_HAL_Driver/Src/stm32f3xx_hal_uart_ex.o
START GROUP
LOAD /home/maheo/st/stm32cubeide_1.17.0/plugins/com.st.stm32cube.ide.mcu.externaltools.gnu-tools-for-stm32.13.3.rel1.linux64_1.0.0.202410170706/tools/bin/../lib/gcc/arm-none-eabi/13.3.1/../../../../arm-none-eabi/lib/thumb/v7e-m+fp/hard/libc_nano.a
LOAD /home/maheo/st/stm32cubeide_1.17.0/plugins/com.st.stm32cube.ide.mcu.externaltools.gnu-tools-for-stm32.13.3.rel1.linux64_1.0.0.202410170706/tools/bin/../lib/gcc/arm-none-eabi/13.3.1/../../../../arm-none-eabi/lib/thumb/v7e-m+fp/hard/libm.a
END GROUP
START GROUP
LOAD /home/maheo/st/stm32cubeide_1.17.0/plugins/com.st.stm32cube.ide.mcu.externaltools.gnu-tools-for-stm32.13.3.rel1.linux64_1.0.0.202410170706/tools/bin/../lib/gcc/arm-none-eabi/13.3.1/thumb/v7e-m+fp/hard/libgcc.a
LOAD /home/maheo/st/stm32cubeide_1.17.0/plugins/com.st.stm32cube.ide.mcu.externaltools.gnu-tools-for-stm32.13.3.rel1.linux64_1.0.0.202410170706/tools/bin/../lib/gcc/arm-none-eabi/13.3.1/../../../../arm-none-eabi/lib/thumb/v7e-m+fp/hard/libc_nano.a
END GROUP
START GROUP
LOAD /home/maheo/st/stm32cubeide_1.17.0/plugins/com.st.stm32cube.ide.mcu.externaltools.gnu-tools-for-stm32.13.3.rel1.linux64_1.0.0.202410170706/tools/bin/../lib/gcc/arm-none-eabi/13.3.1/thumb/v7e-m+fp/hard/libgcc.a
LOAD /home/maheo/st/stm32cubeide_1.17.0/plugins/com.st.stm32cube.ide.mcu.externaltools.gnu-tools-for-stm32.13.3.rel1.linux64_1.0.0.202410170706/tools/bin/../lib/gcc/arm-none-eabi/13.3.1/../../../../arm-none-eabi/lib/thumb/v7e-m+fp/hard/libc_nano.a
LOAD /home/maheo/st/stm32cubeide_1.17.0/plugins/com.st.stm32cube.ide.mcu.externaltools.gnu-tools-for-stm32.13.3.rel1.linux64_1.0.0.202410170706/tools/bin/../lib/gcc/arm-none-eabi/13.3.1/../../../../arm-none-eabi/lib/thumb/v7e-m+fp/hard/libnosys.a
END GROUP
START GROUP
LOAD /home/maheo/st/stm32cubeide_1.17.0/plugins/com.st.stm32cube.ide.mcu.externaltools.gnu-tools-for-stm32.13.3.rel1.linux64_1.0.0.202410170706/tools/bin/../lib/gcc/arm-none-eabi/13.3.1/thumb/v7e-m+fp/hard/libgcc.a
LOAD /home/maheo/st/stm32cubeide_1.17.0/plugins/com.st.stm32cube.ide.mcu.externaltools.gnu-tools-for-stm32.13.3.rel1.linux64_1.0.0.202410170706/tools/bin/../lib/gcc/arm-none-eabi/13.3.1/../../../../arm-none-eabi/lib/thumb/v7e-m+fp/hard/libc_nano.a
LOAD /home/maheo/st/stm32cubeide_1.17.0/plugins/com.st.stm32cube.ide.mcu.externaltools.gnu-tools-for-stm32.13.3.rel1.linux64_1.0.0.202410170706/tools/bin/../lib/gcc/arm-none-eabi/13.3.1/../../../../arm-none-eabi/lib/thumb/v7e-m+fp/hard/libnosys.a
END GROUP
LOAD /home/maheo/st/stm32cubeide_1.17.0/plugins/com.st.stm32cube.ide.mcu.externaltools.gnu-tools-for-stm32.13.3.rel1.linux64_1.0.0.202410170706/tools/bin/../lib/gcc/arm-none-eabi/13.3.1/thumb/v7e-m+fp/hard/crtend.o
LOAD /home/maheo/st/stm32cubeide_1.17.0/plugins/com.st.stm32cube.ide.mcu.externaltools.gnu-tools-for-stm32.13.3.rel1.linux64_1.0.0.202410170706/tools/bin/../lib/gcc/arm-none-eabi/13.3.1/thumb/v7e-m+fp/hard/crtn.o
                0x20003000                        _estack = (ORIGIN (RAM) + LENGTH (RAM))
                0x00000200                        _Min_Heap_Size = 0x200
                0x00000400                        _Min_Stack_Size = 0x400

.isr_vector     0x08000000      0x188
                0x08000000                        . = ALIGN (0x4)
 *(.isr_vector)
 .isr_vector    0x08000000      0x188 ./Core/Startup/startup_stm32f303k8tx.o
                0x08000000                g_pfnVectors
                0x08000188                        . = ALIGN (0x4)

.text           0x08000190     0x9f94
                0x08000190                        . = ALIGN (0x4)
 *(.text)
 .text          0x08000190       0x40 /home/maheo/st/stm32cubeide_1.17.0/plugins/com.st.stm32cube.ide.mcu.externaltools.gnu-tools-for-stm32.13.3.rel1.linux64_1.0.0.202410170706/tools/bin/../lib/gcc/arm-none-eabi/13.3.1/thumb/v7e-m+fp/hard/crtbegin.o
 .text          0x080001d0       0x10 /home/maheo/st/stm32cubeide_1.17.0/plugins/com.st.stm32cube.ide.mcu.externaltools.gnu-tools-for-stm32.13.3.rel1.linux64_1.0.0.202410170706/tools/bin/../lib/gcc/arm-none-eabi/13.3.1/../../../../arm-none-eabi/lib/thumb/v7e-m+fp/hard/libc_nano.a(libc_a-strlen.o)
                0x080001d0                strlen
 .text          0x080001e0       0xa0 /home/maheo/st/stm32cubeide_1.17.0/plugins/com.st.stm32cube.ide.mcu.externaltools.gnu-tools-for-stm32.13.3.rel1.linux64_1.0.0.202410170706/tools/bin/../lib/gcc/arm-none-eabi/13.3.1/../../../../arm-none-eabi/lib/thumb/v7e-m+fp/hard/libc_nano.a(libc_a-memchr.o)
                0x080001e0                memchr
 .text          0x08000280      0x378 /home/maheo/st/stm32cubeide_1.17.0/plugins/com.st.stm32cube.ide.mcu.externaltools.gnu-tools-for-stm32.13.3.rel1.linux64_1.0.0.202410170706/tools/bin/../lib/gcc/arm-none-eabi/13.3.1/thumb/v7e-m+fp/hard/libgcc.a(_arm_addsubdf3.o)
                0x08000280                __aeabi_drsub
                0x08000288                __aeabi_dsub
                0x08000288                __subdf3
                0x0800028c                __adddf3
                0x0800028c                __aeabi_dadd
                0x08000504                __aeabi_ui2d
                0x08000504                __floatunsidf
                0x08000524                __floatsidf
                0x08000524                __aeabi_i2d
                0x08000548                __extendsfdf2
                0x08000548                __aeabi_f2d
                0x0800058c                __aeabi_ul2d
                0x0800058c                __floatundidf
                0x0800059c                __floatdidf
                0x0800059c                __aeabi_l2d
 .text          0x080005f8      0x424 /home/maheo/st/stm32cubeide_1.17.0/plugins/com.st.stm32cube.ide.mcu.externaltools.gnu-tools-for-stm32.13.3.rel1.linux64_1.0.0.202410170706/tools/bin/../lib/gcc/arm-none-eabi/13.3.1/thumb/v7e-m+fp/hard/libgcc.a(_arm_muldivdf3.o)
                0x080005f8                __aeabi_dmul
                0x080005f8                __muldf3
                0x0800084c                __aeabi_ddiv
                0x0800084c                __divdf3
 .text          0x08000a1c      0x110 /home/maheo/st/stm32cubeide_1.17.0/plugins/com.st.stm32cube.ide.mcu.externaltools.gnu-tools-for-stm32.13.3.rel1.linux64_1.0.0.202410170706/tools/bin/../lib/gcc/arm-none-eabi/13.3.1/thumb/v7e-m+fp/hard/libgcc.a(_arm_cmpdf2.o)
                0x08000a1c                __gtdf2
                0x08000a1c                __gedf2
                0x08000a24                __ltdf2
                0x08000a24                __ledf2
                0x08000a2c                __cmpdf2
                0x08000a2c                __eqdf2
                0x08000a2c                __nedf2
                0x08000aa8                __aeabi_cdrcmple
                0x08000ab8                __aeabi_cdcmple
                0x08000ab8                __aeabi_cdcmpeq
                0x08000ac8                __aeabi_dcmpeq
                0x08000adc                __aeabi_dcmplt
                0x08000af0                __aeabi_dcmple
                0x08000b04                __aeabi_dcmpge
                0x08000b18                __aeabi_dcmpgt
 .text          0x08000b2c       0x2c /home/maheo/st/stm32cubeide_1.17.0/plugins/com.st.stm32cube.ide.mcu.externaltools.gnu-tools-for-stm32.13.3.rel1.linux64_1.0.0.202410170706/tools/bin/../lib/gcc/arm-none-eabi/13.3.1/thumb/v7e-m+fp/hard/libgcc.a(_arm_unorddf2.o)
                0x08000b2c                __aeabi_dcmpun
                0x08000b2c                __unorddf2
 .text          0x08000b58       0x50 /home/maheo/st/stm32cubeide_1.17.0/plugins/com.st.stm32cube.ide.mcu.externaltools.gnu-tools-for-stm32.13.3.rel1.linux64_1.0.0.202410170706/tools/bin/../lib/gcc/arm-none-eabi/13.3.1/thumb/v7e-m+fp/hard/libgcc.a(_arm_fixdfsi.o)
                0x08000b58                __fixdfsi
                0x08000b58                __aeabi_d2iz
 .text          0x08000ba8       0x40 /home/maheo/st/stm32cubeide_1.17.0/plugins/com.st.stm32cube.ide.mcu.externaltools.gnu-tools-for-stm32.13.3.rel1.linux64_1.0.0.202410170706/tools/bin/../lib/gcc/arm-none-eabi/13.3.1/thumb/v7e-m+fp/hard/libgcc.a(_arm_fixunsdfsi.o)
                0x08000ba8                __fixunsdfsi
                0x08000ba8                __aeabi_d2uiz
 *(.text*)
 .text._7SegInit
                0x08000be8       0x74 ./Core/Src/D-M-005/7Seg.o
                0x08000be8                _7SegInit
 .text._7SegDisplay
                0x08000c5c      0x398 ./Core/Src/D-M-005/7Seg.o
                0x08000c5c                _7SegDisplay
 .text._7SegDisplay1digit
                0x08000ff4      0x1a8 ./Core/Src/D-M-005/7Seg.o
                0x08000ff4                _7SegDisplay1digit
 .text._7SegReset
                0x0800119c       0x14 ./Core/Src/D-M-005/7Seg.o
                0x0800119c                _7SegReset
 .text._7SegSetUpAnimation
                0x080011b0       0xc4 ./Core/Src/D-M-005/7Seg.o
                0x080011b0                _7SegSetUpAnimation
 .text.__7Seg1byteDisplay
                0x08001274       0x88 ./Core/Src/D-M-005/7Seg.o
                0x08001274                __7Seg1byteDisplay
 .text._MotorInit
                0x080012fc      0x184 ./Core/Src/D-M-005/Motor.o
                0x080012fc                _MotorInit
 .text._MotorSetSpeed
                0x08001480      0x560 ./Core/Src/D-M-005/Motor.o
                0x08001480                _MotorSetSpeed
 .text._PidInit
                0x080019e0       0x44 ./Core/Src/D-M-005/PID.o
                0x080019e0                _PidInit
 .text._PID     0x08001a24      0x120 ./Core/Src/D-M-005/PID.o
                0x08001a24                _PID
 .text._RotaryEncoderInit
                0x08001b44       0x50 ./Core/Src/D-M-005/RotaryEncoder.o
                0x08001b44                _RotaryEncoderInit
 .text._RotaryEncoder_Get1Cycle_TimePeriod
                0x08001b94       0xe4 ./Core/Src/D-M-005/RotaryEncoder.o
                0x08001b94                _RotaryEncoder_Get1Cycle_TimePeriod
 .text._SwitchInit
                0x08001c78       0x64 ./Core/Src/D-M-005/Swtich.o
                0x08001c78                _SwitchInit
 .text._SwitchRead
                0x08001cdc      0x180 ./Core/Src/D-M-005/Swtich.o
                0x08001cdc                _SwitchRead
 .text._AccurateDelay
                0x08001e5c       0x2e ./Core/Src/D-M-005/Utility.o
                0x08001e5c                _AccurateDelay
 *fill*         0x08001e8a        0x2 
 .text._CommandInit
                0x08001e8c       0xc4 ./Core/Src/D-M-005/Console/Command.o
                0x08001e8c                _CommandInit
 .text._ConsoleInit
                0x08001f50       0x2c ./Core/Src/D-M-005/Console/Console.o
                0x08001f50                _ConsoleInit
 .text.DprintfInit
                0x08001f7c       0x20 ./Core/Src/D-M-005/Console/Ditel_Printf.o
                0x08001f7c                DprintfInit
 .text.Dprintf  0x08001f9c      0x318 ./Core/Src/D-M-005/Console/Ditel_Printf.o
                0x08001f9c                Dprintf
 .text.Init     0x080022b4       0xe4 ./Core/Src/main.o
                0x080022b4                Init
 .text._Init_7Seg
                0x08002398       0x40 ./Core/Src/main.o
                0x08002398                _Init_7Seg
 .text._Init_Motor
                0x080023d8       0x58 ./Core/Src/main.o
                0x080023d8                _Init_Motor
 .text._Init_Switch
                0x08002430       0x48 ./Core/Src/main.o
                0x08002430                _Init_Switch
 .text._Init_Console
                0x08002478       0x1c ./Core/Src/main.o
                0x08002478                _Init_Console
 .text._Init_RotaryEncoder
                0x08002494       0x48 ./Core/Src/main.o
                0x08002494                _Init_RotaryEncoder
 .text._Init_PID
                0x080024dc       0x44 ./Core/Src/main.o
                0x080024dc                _Init_PID
 .text._Init_CAN
                0x08002520       0x78 ./Core/Src/main.o
                0x08002520                _Init_CAN
 .text.DeriveUpper2digits
                0x08002598      0x194 ./Core/Src/main.o
                0x08002598                DeriveUpper2digits
 *fill*         0x0800272c        0x4 
 .text.CommandIdentification
                0x08002730      0x84c ./Core/Src/main.o
                0x08002730                CommandIdentification
 *fill*         0x08002f7c        0x4 
 .text.PID_MotorControl
                0x08002f80      0x29c ./Core/Src/main.o
                0x08002f80                PID_MotorControl
 *fill*         0x0800321c        0x4 
 .text._Motor_Amplitude_Optimization
                0x08003220       0x58 ./Core/Src/main.o
                0x08003220                _Motor_Amplitude_Optimization
 .text._Re_Motor_Amplitude_Optimization
                0x08003278       0x60 ./Core/Src/main.o
                0x08003278                _Re_Motor_Amplitude_Optimization
 .text.Motor_SetSpeed
                0x080032d8      0x10c ./Core/Src/main.o
                0x080032d8                Motor_SetSpeed
 .text.HAL_CAN_RxFifo0MsgPendingCallback
                0x080033e4       0x40 ./Core/Src/main.o
                0x080033e4                HAL_CAN_RxFifo0MsgPendingCallback
 .text.main     0x08003424      0x244 ./Core/Src/main.o
                0x08003424                main
 .text.SystemClock_Config
                0x08003668       0xb6 ./Core/Src/main.o
                0x08003668                SystemClock_Config
 *fill*         0x0800371e        0x2 
 .text.MX_CAN_Init
                0x08003720       0x6c ./Core/Src/main.o
 .text.MX_TIM1_Init
                0x0800378c       0xa8 ./Core/Src/main.o
 .text.MX_TIM2_Init
                0x08003834       0xec ./Core/Src/main.o
 .text.MX_TIM3_Init
                0x08003920       0xf0 ./Core/Src/main.o
 .text.MX_USART1_UART_Init
                0x08003a10       0x64 ./Core/Src/main.o
 .text.MX_USART2_UART_Init
                0x08003a74       0x64 ./Core/Src/main.o
 .text.MX_GPIO_Init
                0x08003ad8       0xc4 ./Core/Src/main.o
 .text.Error_Handler
                0x08003b9c        0xc ./Core/Src/main.o
                0x08003b9c                Error_Handler
 .text.HAL_MspInit
                0x08003ba8       0x48 ./Core/Src/stm32f3xx_hal_msp.o
                0x08003ba8                HAL_MspInit
 .text.HAL_CAN_MspInit
                0x08003bf0       0x98 ./Core/Src/stm32f3xx_hal_msp.o
                0x08003bf0                HAL_CAN_MspInit
 .text.HAL_TIM_Base_MspInit
                0x08003c88       0x8c ./Core/Src/stm32f3xx_hal_msp.o
                0x08003c88                HAL_TIM_Base_MspInit
 .text.HAL_TIM_MspPostInit
                0x08003d14       0xb8 ./Core/Src/stm32f3xx_hal_msp.o
                0x08003d14                HAL_TIM_MspPostInit
 .text.HAL_UART_MspInit
                0x08003dcc       0xf8 ./Core/Src/stm32f3xx_hal_msp.o
                0x08003dcc                HAL_UART_MspInit
 .text.NMI_Handler
                0x08003ec4        0x8 ./Core/Src/stm32f3xx_it.o
                0x08003ec4                NMI_Handler
 .text.HardFault_Handler
                0x08003ecc        0x8 ./Core/Src/stm32f3xx_it.o
                0x08003ecc                HardFault_Handler
 .text.MemManage_Handler
                0x08003ed4        0x8 ./Core/Src/stm32f3xx_it.o
                0x08003ed4                MemManage_Handler
 .text.BusFault_Handler
                0x08003edc        0x8 ./Core/Src/stm32f3xx_it.o
                0x08003edc                BusFault_Handler
 .text.UsageFault_Handler
                0x08003ee4        0x8 ./Core/Src/stm32f3xx_it.o
                0x08003ee4                UsageFault_Handler
 .text.SVC_Handler
                0x08003eec        0xe ./Core/Src/stm32f3xx_it.o
                0x08003eec                SVC_Handler
 .text.DebugMon_Handler
                0x08003efa        0xe ./Core/Src/stm32f3xx_it.o
                0x08003efa                DebugMon_Handler
 .text.PendSV_Handler
                0x08003f08        0xe ./Core/Src/stm32f3xx_it.o
                0x08003f08                PendSV_Handler
 .text.SysTick_Handler
                0x08003f16        0xc ./Core/Src/stm32f3xx_it.o
                0x08003f16                SysTick_Handler
 *fill*         0x08003f22        0x2 
 .text.CAN_RX0_IRQHandler
                0x08003f24       0x14 ./Core/Src/stm32f3xx_it.o
                0x08003f24                CAN_RX0_IRQHandler
 .text.USART1_IRQHandler
                0x08003f38       0x14 ./Core/Src/stm32f3xx_it.o
                0x08003f38                USART1_IRQHandler
 .text._sbrk    0x08003f4c       0x6c ./Core/Src/sysmem.o
                0x08003f4c                _sbrk
 .text.SystemInit
                0x08003fb8       0x24 ./Core/Src/system_stm32f3xx.o
                0x08003fb8                SystemInit
 .text.Reset_Handler
                0x08003fdc       0x50 ./Core/Startup/startup_stm32f303k8tx.o
                0x08003fdc                Reset_Handler
 .text.Default_Handler
                0x0800402c        0x2 ./Core/Startup/startup_stm32f303k8tx.o
                0x0800402c                RTC_Alarm_IRQHandler
                0x0800402c                TIM1_CC_IRQHandler
                0x0800402c                PVD_IRQHandler
                0x0800402c                TAMP_STAMP_IRQHandler
                0x0800402c                EXTI3_IRQHandler
                0x0800402c                EXTI0_IRQHandler
                0x0800402c                FPU_IRQHandler
                0x0800402c                CAN_TX_IRQHandler
                0x0800402c                TIM1_UP_TIM16_IRQHandler
                0x0800402c                ADC1_2_IRQHandler
                0x0800402c                SPI1_IRQHandler
                0x0800402c                CAN_SCE_IRQHandler
                0x0800402c                DMA1_Channel4_IRQHandler
                0x0800402c                USART3_IRQHandler
                0x0800402c                DMA1_Channel7_IRQHandler
                0x0800402c                TIM7_DAC2_IRQHandler
                0x0800402c                CAN_RX1_IRQHandler
                0x0800402c                I2C1_EV_IRQHandler
                0x0800402c                DMA1_Channel6_IRQHandler
                0x0800402c                TIM3_IRQHandler
                0x0800402c                RCC_IRQHandler
                0x0800402c                DMA1_Channel1_IRQHandler
                0x0800402c                Default_Handler
                0x0800402c                EXTI15_10_IRQHandler
                0x0800402c                COMP2_IRQHandler
                0x0800402c                TIM6_DAC1_IRQHandler
                0x0800402c                EXTI9_5_IRQHandler
                0x0800402c                RTC_WKUP_IRQHandler
                0x0800402c                DMA1_Channel5_IRQHandler
                0x0800402c                EXTI4_IRQHandler
                0x0800402c                TIM1_TRG_COM_TIM17_IRQHandler
                0x0800402c                DMA1_Channel3_IRQHandler
                0x0800402c                WWDG_IRQHandler
                0x0800402c                TIM2_IRQHandler
                0x0800402c                EXTI1_IRQHandler
                0x0800402c                COMP4_6_IRQHandler
                0x0800402c                USART2_IRQHandler
                0x0800402c                DMA1_Channel2_IRQHandler
                0x0800402c                FLASH_IRQHandler
                0x0800402c                I2C1_ER_IRQHandler
                0x0800402c                EXTI2_TSC_IRQHandler
                0x0800402c                TIM1_BRK_TIM15_IRQHandler
 *fill*         0x0800402e        0x2 
 .text.HAL_Init
                0x08004030       0x2c ./Drivers/STM32F3xx_HAL_Driver/Src/stm32f3xx_hal.o
                0x08004030                HAL_Init
 .text.HAL_InitTick
                0x0800405c       0x60 ./Drivers/STM32F3xx_HAL_Driver/Src/stm32f3xx_hal.o
                0x0800405c                HAL_InitTick
 .text.HAL_IncTick
                0x080040bc       0x28 ./Drivers/STM32F3xx_HAL_Driver/Src/stm32f3xx_hal.o
                0x080040bc                HAL_IncTick
 .text.HAL_GetTick
                0x080040e4       0x18 ./Drivers/STM32F3xx_HAL_Driver/Src/stm32f3xx_hal.o
                0x080040e4                HAL_GetTick
 .text.HAL_Delay
                0x080040fc       0x48 ./Drivers/STM32F3xx_HAL_Driver/Src/stm32f3xx_hal.o
                0x080040fc                HAL_Delay
 .text.HAL_CAN_Init
                0x08004144      0x1f6 ./Drivers/STM32F3xx_HAL_Driver/Src/stm32f3xx_hal_can.o
                0x08004144                HAL_CAN_Init
 .text.HAL_CAN_ConfigFilter
                0x0800433a      0x194 ./Drivers/STM32F3xx_HAL_Driver/Src/stm32f3xx_hal_can.o
                0x0800433a                HAL_CAN_ConfigFilter
 .text.HAL_CAN_Start
                0x080044ce       0x88 ./Drivers/STM32F3xx_HAL_Driver/Src/stm32f3xx_hal_can.o
                0x080044ce                HAL_CAN_Start
 .text.HAL_CAN_GetRxMessage
                0x08004556      0x244 ./Drivers/STM32F3xx_HAL_Driver/Src/stm32f3xx_hal_can.o
                0x08004556                HAL_CAN_GetRxMessage
 .text.HAL_CAN_ActivateNotification
                0x0800479a       0x4c ./Drivers/STM32F3xx_HAL_Driver/Src/stm32f3xx_hal_can.o
                0x0800479a                HAL_CAN_ActivateNotification
 .text.HAL_CAN_IRQHandler
                0x080047e6      0x36e ./Drivers/STM32F3xx_HAL_Driver/Src/stm32f3xx_hal_can.o
                0x080047e6                HAL_CAN_IRQHandler
 .text.HAL_CAN_TxMailbox0CompleteCallback
                0x08004b54       0x14 ./Drivers/STM32F3xx_HAL_Driver/Src/stm32f3xx_hal_can.o
                0x08004b54                HAL_CAN_TxMailbox0CompleteCallback
 .text.HAL_CAN_TxMailbox1CompleteCallback
                0x08004b68       0x14 ./Drivers/STM32F3xx_HAL_Driver/Src/stm32f3xx_hal_can.o
                0x08004b68                HAL_CAN_TxMailbox1CompleteCallback
 .text.HAL_CAN_TxMailbox2CompleteCallback
                0x08004b7c       0x14 ./Drivers/STM32F3xx_HAL_Driver/Src/stm32f3xx_hal_can.o
                0x08004b7c                HAL_CAN_TxMailbox2CompleteCallback
 .text.HAL_CAN_TxMailbox0AbortCallback
                0x08004b90       0x14 ./Drivers/STM32F3xx_HAL_Driver/Src/stm32f3xx_hal_can.o
                0x08004b90                HAL_CAN_TxMailbox0AbortCallback
 .text.HAL_CAN_TxMailbox1AbortCallback
                0x08004ba4       0x14 ./Drivers/STM32F3xx_HAL_Driver/Src/stm32f3xx_hal_can.o
                0x08004ba4                HAL_CAN_TxMailbox1AbortCallback
 .text.HAL_CAN_TxMailbox2AbortCallback
                0x08004bb8       0x14 ./Drivers/STM32F3xx_HAL_Driver/Src/stm32f3xx_hal_can.o
                0x08004bb8                HAL_CAN_TxMailbox2AbortCallback
 .text.HAL_CAN_RxFifo0FullCallback
                0x08004bcc       0x14 ./Drivers/STM32F3xx_HAL_Driver/Src/stm32f3xx_hal_can.o
                0x08004bcc                HAL_CAN_RxFifo0FullCallback
 .text.HAL_CAN_RxFifo1MsgPendingCallback
                0x08004be0       0x14 ./Drivers/STM32F3xx_HAL_Driver/Src/stm32f3xx_hal_can.o
                0x08004be0                HAL_CAN_RxFifo1MsgPendingCallback
 .text.HAL_CAN_RxFifo1FullCallback
                0x08004bf4       0x14 ./Drivers/STM32F3xx_HAL_Driver/Src/stm32f3xx_hal_can.o
                0x08004bf4                HAL_CAN_RxFifo1FullCallback
 .text.HAL_CAN_SleepCallback
                0x08004c08       0x14 ./Drivers/STM32F3xx_HAL_Driver/Src/stm32f3xx_hal_can.o
                0x08004c08                HAL_CAN_SleepCallback
 .text.HAL_CAN_WakeUpFromRxMsgCallback
                0x08004c1c       0x14 ./Drivers/STM32F3xx_HAL_Driver/Src/stm32f3xx_hal_can.o
                0x08004c1c                HAL_CAN_WakeUpFromRxMsgCallback
 .text.HAL_CAN_ErrorCallback
                0x08004c30       0x14 ./Drivers/STM32F3xx_HAL_Driver/Src/stm32f3xx_hal_can.o
                0x08004c30                HAL_CAN_ErrorCallback
 .text.__NVIC_SetPriorityGrouping
                0x08004c44       0x48 ./Drivers/STM32F3xx_HAL_Driver/Src/stm32f3xx_hal_cortex.o
 .text.__NVIC_GetPriorityGrouping
                0x08004c8c       0x1c ./Drivers/STM32F3xx_HAL_Driver/Src/stm32f3xx_hal_cortex.o
 .text.__NVIC_EnableIRQ
                0x08004ca8       0x3c ./Drivers/STM32F3xx_HAL_Driver/Src/stm32f3xx_hal_cortex.o
 .text.__NVIC_SetPriority
                0x08004ce4       0x54 ./Drivers/STM32F3xx_HAL_Driver/Src/stm32f3xx_hal_cortex.o
 .text.NVIC_EncodePriority
                0x08004d38       0x66 ./Drivers/STM32F3xx_HAL_Driver/Src/stm32f3xx_hal_cortex.o
 *fill*         0x08004d9e        0x2 
 .text.SysTick_Config
                0x08004da0       0x44 ./Drivers/STM32F3xx_HAL_Driver/Src/stm32f3xx_hal_cortex.o
 .text.HAL_NVIC_SetPriorityGrouping
                0x08004de4       0x16 ./Drivers/STM32F3xx_HAL_Driver/Src/stm32f3xx_hal_cortex.o
                0x08004de4                HAL_NVIC_SetPriorityGrouping
 .text.HAL_NVIC_SetPriority
                0x08004dfa       0x38 ./Drivers/STM32F3xx_HAL_Driver/Src/stm32f3xx_hal_cortex.o
                0x08004dfa                HAL_NVIC_SetPriority
 .text.HAL_NVIC_EnableIRQ
                0x08004e32       0x1c ./Drivers/STM32F3xx_HAL_Driver/Src/stm32f3xx_hal_cortex.o
                0x08004e32                HAL_NVIC_EnableIRQ
 .text.HAL_SYSTICK_Config
                0x08004e4e       0x18 ./Drivers/STM32F3xx_HAL_Driver/Src/stm32f3xx_hal_cortex.o
                0x08004e4e                HAL_SYSTICK_Config
 .text.HAL_DMA_Abort
                0x08004e66       0x7c ./Drivers/STM32F3xx_HAL_Driver/Src/stm32f3xx_hal_dma.o
                0x08004e66                HAL_DMA_Abort
 .text.HAL_DMA_Abort_IT
                0x08004ee2       0x7c ./Drivers/STM32F3xx_HAL_Driver/Src/stm32f3xx_hal_dma.o
                0x08004ee2                HAL_DMA_Abort_IT
 *fill*         0x08004f5e        0x2 
 .text.HAL_GPIO_Init
                0x08004f60      0x2e4 ./Drivers/STM32F3xx_HAL_Driver/Src/stm32f3xx_hal_gpio.o
                0x08004f60                HAL_GPIO_Init
 .text.HAL_GPIO_ReadPin
                0x08005244       0x30 ./Drivers/STM32F3xx_HAL_Driver/Src/stm32f3xx_hal_gpio.o
                0x08005244                HAL_GPIO_ReadPin
 .text.HAL_GPIO_WritePin
                0x08005274       0x30 ./Drivers/STM32F3xx_HAL_Driver/Src/stm32f3xx_hal_gpio.o
                0x08005274                HAL_GPIO_WritePin
 .text.HAL_GPIO_TogglePin
                0x080052a4       0x34 ./Drivers/STM32F3xx_HAL_Driver/Src/stm32f3xx_hal_gpio.o
                0x080052a4                HAL_GPIO_TogglePin
 .text.HAL_RCC_OscConfig
                0x080052d8     0x101c ./Drivers/STM32F3xx_HAL_Driver/Src/stm32f3xx_hal_rcc.o
                0x080052d8                HAL_RCC_OscConfig
 .text.HAL_RCC_ClockConfig
                0x080062f4      0x2dc ./Drivers/STM32F3xx_HAL_Driver/Src/stm32f3xx_hal_rcc.o
                0x080062f4                HAL_RCC_ClockConfig
 .text.HAL_RCC_GetSysClockFreq
                0x080065d0       0xa8 ./Drivers/STM32F3xx_HAL_Driver/Src/stm32f3xx_hal_rcc.o
                0x080065d0                HAL_RCC_GetSysClockFreq
 .text.HAL_RCC_GetHCLKFreq
                0x08006678       0x18 ./Drivers/STM32F3xx_HAL_Driver/Src/stm32f3xx_hal_rcc.o
                0x08006678                HAL_RCC_GetHCLKFreq
 .text.HAL_RCC_GetPCLK1Freq
                0x08006690       0x44 ./Drivers/STM32F3xx_HAL_Driver/Src/stm32f3xx_hal_rcc.o
                0x08006690                HAL_RCC_GetPCLK1Freq
 .text.HAL_RCC_GetPCLK2Freq
                0x080066d4       0x44 ./Drivers/STM32F3xx_HAL_Driver/Src/stm32f3xx_hal_rcc.o
                0x080066d4                HAL_RCC_GetPCLK2Freq
 .text.HAL_RCCEx_PeriphCLKConfig
                0x08006718      0x248 ./Drivers/STM32F3xx_HAL_Driver/Src/stm32f3xx_hal_rcc_ex.o
                0x08006718                HAL_RCCEx_PeriphCLKConfig
 .text.HAL_TIM_Base_Init
                0x08006960       0xae ./Drivers/STM32F3xx_HAL_Driver/Src/stm32f3xx_hal_tim.o
                0x08006960                HAL_TIM_Base_Init
 *fill*         0x08006a0e        0x2 
 .text.HAL_TIM_Base_Start
                0x08006a10       0xa8 ./Drivers/STM32F3xx_HAL_Driver/Src/stm32f3xx_hal_tim.o
                0x08006a10                HAL_TIM_Base_Start
 .text.HAL_TIM_PWM_Init
                0x08006ab8       0xae ./Drivers/STM32F3xx_HAL_Driver/Src/stm32f3xx_hal_tim.o
                0x08006ab8                HAL_TIM_PWM_Init
 .text.HAL_TIM_PWM_MspInit
                0x08006b66       0x14 ./Drivers/STM32F3xx_HAL_Driver/Src/stm32f3xx_hal_tim.o
                0x08006b66                HAL_TIM_PWM_MspInit
 *fill*         0x08006b7a        0x2 
 .text.HAL_TIM_PWM_Start
                0x08006b7c      0x1d8 ./Drivers/STM32F3xx_HAL_Driver/Src/stm32f3xx_hal_tim.o
                0x08006b7c                HAL_TIM_PWM_Start
 .text.HAL_TIM_PWM_ConfigChannel
                0x08006d54      0x228 ./Drivers/STM32F3xx_HAL_Driver/Src/stm32f3xx_hal_tim.o
                0x08006d54                HAL_TIM_PWM_ConfigChannel
 .text.HAL_TIM_ConfigClockSource
                0x08006f7c      0x192 ./Drivers/STM32F3xx_HAL_Driver/Src/stm32f3xx_hal_tim.o
                0x08006f7c                HAL_TIM_ConfigClockSource
 *fill*         0x0800710e        0x2 
 .text.TIM_Base_SetConfig
                0x08007110      0x108 ./Drivers/STM32F3xx_HAL_Driver/Src/stm32f3xx_hal_tim.o
                0x08007110                TIM_Base_SetConfig
 .text.TIM_OC1_SetConfig
                0x08007218      0x10c ./Drivers/STM32F3xx_HAL_Driver/Src/stm32f3xx_hal_tim.o
 .text.TIM_OC2_SetConfig
                0x08007324      0x100 ./Drivers/STM32F3xx_HAL_Driver/Src/stm32f3xx_hal_tim.o
                0x08007324                TIM_OC2_SetConfig
 .text.TIM_OC3_SetConfig
                0x08007424       0xfc ./Drivers/STM32F3xx_HAL_Driver/Src/stm32f3xx_hal_tim.o
 .text.TIM_OC4_SetConfig
                0x08007520       0xc8 ./Drivers/STM32F3xx_HAL_Driver/Src/stm32f3xx_hal_tim.o
 .text.TIM_OC5_SetConfig
                0x080075e8       0xbc ./Drivers/STM32F3xx_HAL_Driver/Src/stm32f3xx_hal_tim.o
 .text.TIM_OC6_SetConfig
                0x080076a4       0xc0 ./Drivers/STM32F3xx_HAL_Driver/Src/stm32f3xx_hal_tim.o
 .text.TIM_TI1_ConfigInputStage
                0x08007764       0x5e ./Drivers/STM32F3xx_HAL_Driver/Src/stm32f3xx_hal_tim.o
 .text.TIM_TI2_ConfigInputStage
                0x080077c2       0x60 ./Drivers/STM32F3xx_HAL_Driver/Src/stm32f3xx_hal_tim.o
 .text.TIM_ITRx_SetConfig
                0x08007822       0x36 ./Drivers/STM32F3xx_HAL_Driver/Src/stm32f3xx_hal_tim.o
 .text.TIM_ETR_SetConfig
                0x08007858       0x40 ./Drivers/STM32F3xx_HAL_Driver/Src/stm32f3xx_hal_tim.o
                0x08007858                TIM_ETR_SetConfig
 .text.TIM_CCxChannelCmd
                0x08007898       0x4a ./Drivers/STM32F3xx_HAL_Driver/Src/stm32f3xx_hal_tim.o
                0x08007898                TIM_CCxChannelCmd
 *fill*         0x080078e2        0x2 
 .text.HAL_TIMEx_MasterConfigSynchronization
                0x080078e4       0xdc ./Drivers/STM32F3xx_HAL_Driver/Src/stm32f3xx_hal_tim_ex.o
                0x080078e4                HAL_TIMEx_MasterConfigSynchronization
 .text.HAL_MultiProcessor_Init
                0x080079c0       0xd4 ./Drivers/STM32F3xx_HAL_Driver/Src/stm32f3xx_hal_uart.o
                0x080079c0                HAL_MultiProcessor_Init
 .text.HAL_UART_Transmit
                0x08007a94      0x112 ./Drivers/STM32F3xx_HAL_Driver/Src/stm32f3xx_hal_uart.o
                0x08007a94                HAL_UART_Transmit
 *fill*         0x08007ba6        0x2 
 .text.HAL_UART_IRQHandler
                0x08007ba8      0x5cc ./Drivers/STM32F3xx_HAL_Driver/Src/stm32f3xx_hal_uart.o
                0x08007ba8                HAL_UART_IRQHandler
 .text.HAL_UART_TxCpltCallback
                0x08008174       0x14 ./Drivers/STM32F3xx_HAL_Driver/Src/stm32f3xx_hal_uart.o
                0x08008174                HAL_UART_TxCpltCallback
 .text.HAL_UART_ErrorCallback
                0x08008188       0x14 ./Drivers/STM32F3xx_HAL_Driver/Src/stm32f3xx_hal_uart.o
                0x08008188                HAL_UART_ErrorCallback
 .text.HAL_UARTEx_RxEventCallback
                0x0800819c       0x18 ./Drivers/STM32F3xx_HAL_Driver/Src/stm32f3xx_hal_uart.o
                0x0800819c                HAL_UARTEx_RxEventCallback
 .text.UART_SetConfig
                0x080081b4      0x26c ./Drivers/STM32F3xx_HAL_Driver/Src/stm32f3xx_hal_uart.o
                0x080081b4                UART_SetConfig
 .text.UART_AdvFeatureConfig
                0x08008420      0x144 ./Drivers/STM32F3xx_HAL_Driver/Src/stm32f3xx_hal_uart.o
                0x08008420                UART_AdvFeatureConfig
 .text.UART_CheckIdleState
                0x08008564      0x150 ./Drivers/STM32F3xx_HAL_Driver/Src/stm32f3xx_hal_uart.o
                0x08008564                UART_CheckIdleState
 .text.UART_WaitOnFlagUntilTimeout
                0x080086b4       0xda ./Drivers/STM32F3xx_HAL_Driver/Src/stm32f3xx_hal_uart.o
                0x080086b4                UART_WaitOnFlagUntilTimeout
 .text.UART_EndRxTransfer
                0x0800878e       0xc8 ./Drivers/STM32F3xx_HAL_Driver/Src/stm32f3xx_hal_uart.o
 .text.UART_DMAAbortOnError
                0x08008856       0x2c ./Drivers/STM32F3xx_HAL_Driver/Src/stm32f3xx_hal_uart.o
 .text.UART_EndTransmit_IT
                0x08008882       0x54 ./Drivers/STM32F3xx_HAL_Driver/Src/stm32f3xx_hal_uart.o
 .text.HAL_UARTEx_WakeupCallback
                0x080088d6       0x14 ./Drivers/STM32F3xx_HAL_Driver/Src/stm32f3xx_hal_uart_ex.o
                0x080088d6                HAL_UARTEx_WakeupCallback
 *fill*         0x080088ea        0x2 
 .text.sprintf  0x080088ec       0x44 /home/maheo/st/stm32cubeide_1.17.0/plugins/com.st.stm32cube.ide.mcu.externaltools.gnu-tools-for-stm32.13.3.rel1.linux64_1.0.0.202410170706/tools/bin/../lib/gcc/arm-none-eabi/13.3.1/../../../../arm-none-eabi/lib/thumb/v7e-m+fp/hard/libc_nano.a(libc_a-sprintf.o)
                0x080088ec                sprintf
                0x080088ec                siprintf
 .text.memset   0x08008930       0x10 /home/maheo/st/stm32cubeide_1.17.0/plugins/com.st.stm32cube.ide.mcu.externaltools.gnu-tools-for-stm32.13.3.rel1.linux64_1.0.0.202410170706/tools/bin/../lib/gcc/arm-none-eabi/13.3.1/../../../../arm-none-eabi/lib/thumb/v7e-m+fp/hard/libc_nano.a(libc_a-memset.o)
                0x08008930                memset
 .text.strcat   0x08008940       0x1e /home/maheo/st/stm32cubeide_1.17.0/plugins/com.st.stm32cube.ide.mcu.externaltools.gnu-tools-for-stm32.13.3.rel1.linux64_1.0.0.202410170706/tools/bin/../lib/gcc/arm-none-eabi/13.3.1/../../../../arm-none-eabi/lib/thumb/v7e-m+fp/hard/libc_nano.a(libc_a-strcat.o)
                0x08008940                strcat
 *fill*         0x0800895e        0x2 
 .text.__errno  0x08008960        0xc /home/maheo/st/stm32cubeide_1.17.0/plugins/com.st.stm32cube.ide.mcu.externaltools.gnu-tools-for-stm32.13.3.rel1.linux64_1.0.0.202410170706/tools/bin/../lib/gcc/arm-none-eabi/13.3.1/../../../../arm-none-eabi/lib/thumb/v7e-m+fp/hard/libc_nano.a(libc_a-errno.o)
                0x08008960                __errno
 .text.__libc_init_array
                0x0800896c       0x48 /home/maheo/st/stm32cubeide_1.17.0/plugins/com.st.stm32cube.ide.mcu.externaltools.gnu-tools-for-stm32.13.3.rel1.linux64_1.0.0.202410170706/tools/bin/../lib/gcc/arm-none-eabi/13.3.1/../../../../arm-none-eabi/lib/thumb/v7e-m+fp/hard/libc_nano.a(libc_a-init.o)
                0x0800896c                __libc_init_array
 .text.__retarget_lock_acquire_recursive
                0x080089b4        0x2 /home/maheo/st/stm32cubeide_1.17.0/plugins/com.st.stm32cube.ide.mcu.externaltools.gnu-tools-for-stm32.13.3.rel1.linux64_1.0.0.202410170706/tools/bin/../lib/gcc/arm-none-eabi/13.3.1/../../../../arm-none-eabi/lib/thumb/v7e-m+fp/hard/libc_nano.a(libc_a-lock.o)
                0x080089b4                __retarget_lock_acquire_recursive
 .text.__retarget_lock_release_recursive
                0x080089b6        0x2 /home/maheo/st/stm32cubeide_1.17.0/plugins/com.st.stm32cube.ide.mcu.externaltools.gnu-tools-for-stm32.13.3.rel1.linux64_1.0.0.202410170706/tools/bin/../lib/gcc/arm-none-eabi/13.3.1/../../../../arm-none-eabi/lib/thumb/v7e-m+fp/hard/libc_nano.a(libc_a-lock.o)
                0x080089b6                __retarget_lock_release_recursive
 .text._free_r  0x080089b8       0x94 /home/maheo/st/stm32cubeide_1.17.0/plugins/com.st.stm32cube.ide.mcu.externaltools.gnu-tools-for-stm32.13.3.rel1.linux64_1.0.0.202410170706/tools/bin/../lib/gcc/arm-none-eabi/13.3.1/../../../../arm-none-eabi/lib/thumb/v7e-m+fp/hard/libc_nano.a(libc_a-freer.o)
                0x080089b8                _free_r
 .text.sbrk_aligned
                0x08008a4c       0x44 /home/maheo/st/stm32cubeide_1.17.0/plugins/com.st.stm32cube.ide.mcu.externaltools.gnu-tools-for-stm32.13.3.rel1.linux64_1.0.0.202410170706/tools/bin/../lib/gcc/arm-none-eabi/13.3.1/../../../../arm-none-eabi/lib/thumb/v7e-m+fp/hard/libc_nano.a(libc_a-mallocr.o)
 .text._malloc_r
                0x08008a90      0x100 /home/maheo/st/stm32cubeide_1.17.0/plugins/com.st.stm32cube.ide.mcu.externaltools.gnu-tools-for-stm32.13.3.rel1.linux64_1.0.0.202410170706/tools/bin/../lib/gcc/arm-none-eabi/13.3.1/../../../../arm-none-eabi/lib/thumb/v7e-m+fp/hard/libc_nano.a(libc_a-mallocr.o)
                0x08008a90                _malloc_r
 .text.__malloc_lock
                0x08008b90        0xc /home/maheo/st/stm32cubeide_1.17.0/plugins/com.st.stm32cube.ide.mcu.externaltools.gnu-tools-for-stm32.13.3.rel1.linux64_1.0.0.202410170706/tools/bin/../lib/gcc/arm-none-eabi/13.3.1/../../../../arm-none-eabi/lib/thumb/v7e-m+fp/hard/libc_nano.a(libc_a-mlock.o)
                0x08008b90                __malloc_lock
 .text.__malloc_unlock
                0x08008b9c        0xc /home/maheo/st/stm32cubeide_1.17.0/plugins/com.st.stm32cube.ide.mcu.externaltools.gnu-tools-for-stm32.13.3.rel1.linux64_1.0.0.202410170706/tools/bin/../lib/gcc/arm-none-eabi/13.3.1/../../../../arm-none-eabi/lib/thumb/v7e-m+fp/hard/libc_nano.a(libc_a-mlock.o)
                0x08008b9c                __malloc_unlock
 .text.__ssputs_r
                0x08008ba8       0xb6 /home/maheo/st/stm32cubeide_1.17.0/plugins/com.st.stm32cube.ide.mcu.externaltools.gnu-tools-for-stm32.13.3.rel1.linux64_1.0.0.202410170706/tools/bin/../lib/gcc/arm-none-eabi/13.3.1/../../../../arm-none-eabi/lib/thumb/v7e-m+fp/hard/libc_nano.a(libc_a-nano-svfprintf.o)
                0x08008ba8                __ssputs_r
 *fill*         0x08008c5e        0x2 
 .text._svfprintf_r
                0x08008c60      0x1f8 /home/maheo/st/stm32cubeide_1.17.0/plugins/com.st.stm32cube.ide.mcu.externaltools.gnu-tools-for-stm32.13.3.rel1.linux64_1.0.0.202410170706/tools/bin/../lib/gcc/arm-none-eabi/13.3.1/../../../../arm-none-eabi/lib/thumb/v7e-m+fp/hard/libc_nano.a(libc_a-nano-svfprintf.o)
                0x08008c60                _svfprintf_r
                0x08008c60                _svfiprintf_r
 .text._printf_common
                0x08008e58       0xda /home/maheo/st/stm32cubeide_1.17.0/plugins/com.st.stm32cube.ide.mcu.externaltools.gnu-tools-for-stm32.13.3.rel1.linux64_1.0.0.202410170706/tools/bin/../lib/gcc/arm-none-eabi/13.3.1/../../../../arm-none-eabi/lib/thumb/v7e-m+fp/hard/libc_nano.a(libc_a-nano-vfprintf_i.o)
                0x08008e58                _printf_common
 *fill*         0x08008f32        0x2 
 .text._printf_i
                0x08008f34      0x23c /home/maheo/st/stm32cubeide_1.17.0/plugins/com.st.stm32cube.ide.mcu.externaltools.gnu-tools-for-stm32.13.3.rel1.linux64_1.0.0.202410170706/tools/bin/../lib/gcc/arm-none-eabi/13.3.1/../../../../arm-none-eabi/lib/thumb/v7e-m+fp/hard/libc_nano.a(libc_a-nano-vfprintf_i.o)
                0x08008f34                _printf_i
 .text.memmove  0x08009170       0x34 /home/maheo/st/stm32cubeide_1.17.0/plugins/com.st.stm32cube.ide.mcu.externaltools.gnu-tools-for-stm32.13.3.rel1.linux64_1.0.0.202410170706/tools/bin/../lib/gcc/arm-none-eabi/13.3.1/../../../../arm-none-eabi/lib/thumb/v7e-m+fp/hard/libc_nano.a(libc_a-memmove.o)
                0x08009170                memmove
 .text._sbrk_r  0x080091a4       0x20 /home/maheo/st/stm32cubeide_1.17.0/plugins/com.st.stm32cube.ide.mcu.externaltools.gnu-tools-for-stm32.13.3.rel1.linux64_1.0.0.202410170706/tools/bin/../lib/gcc/arm-none-eabi/13.3.1/../../../../arm-none-eabi/lib/thumb/v7e-m+fp/hard/libc_nano.a(libc_a-sbrkr.o)
                0x080091a4                _sbrk_r
 .text.memcpy   0x080091c4       0x1c /home/maheo/st/stm32cubeide_1.17.0/plugins/com.st.stm32cube.ide.mcu.externaltools.gnu-tools-for-stm32.13.3.rel1.linux64_1.0.0.202410170706/tools/bin/../lib/gcc/arm-none-eabi/13.3.1/../../../../arm-none-eabi/lib/thumb/v7e-m+fp/hard/libc_nano.a(libc_a-memcpy-stub.o)
                0x080091c4                memcpy
 .text._realloc_r
                0x080091e0       0x5c /home/maheo/st/stm32cubeide_1.17.0/plugins/com.st.stm32cube.ide.mcu.externaltools.gnu-tools-for-stm32.13.3.rel1.linux64_1.0.0.202410170706/tools/bin/../lib/gcc/arm-none-eabi/13.3.1/../../../../arm-none-eabi/lib/thumb/v7e-m+fp/hard/libc_nano.a(libc_a-reallocr.o)
                0x080091e0                _realloc_r
 .text._malloc_usable_size_r
                0x0800923c       0x10 /home/maheo/st/stm32cubeide_1.17.0/plugins/com.st.stm32cube.ide.mcu.externaltools.gnu-tools-for-stm32.13.3.rel1.linux64_1.0.0.202410170706/tools/bin/../lib/gcc/arm-none-eabi/13.3.1/../../../../arm-none-eabi/lib/thumb/v7e-m+fp/hard/libc_nano.a(libc_a-msizer.o)
                0x0800923c                _malloc_usable_size_r
 .text.pow      0x0800924c       0xe0 /home/maheo/st/stm32cubeide_1.17.0/plugins/com.st.stm32cube.ide.mcu.externaltools.gnu-tools-for-stm32.13.3.rel1.linux64_1.0.0.202410170706/tools/bin/../lib/gcc/arm-none-eabi/13.3.1/../../../../arm-none-eabi/lib/thumb/v7e-m+fp/hard/libm.a(libm_a-w_pow.o)
                0x0800924c                pow
 .text.finite   0x0800932c       0x16 /home/maheo/st/stm32cubeide_1.17.0/plugins/com.st.stm32cube.ide.mcu.externaltools.gnu-tools-for-stm32.13.3.rel1.linux64_1.0.0.202410170706/tools/bin/../lib/gcc/arm-none-eabi/13.3.1/../../../../arm-none-eabi/lib/thumb/v7e-m+fp/hard/libm.a(libm_a-s_finite.o)
                0x0800932c                finite
 *fill*         0x08009342        0x6 
 .text.__ieee754_pow
                0x08009348      0xa94 /home/maheo/st/stm32cubeide_1.17.0/plugins/com.st.stm32cube.ide.mcu.externaltools.gnu-tools-for-stm32.13.3.rel1.linux64_1.0.0.202410170706/tools/bin/../lib/gcc/arm-none-eabi/13.3.1/../../../../arm-none-eabi/lib/thumb/v7e-m+fp/hard/libm.a(libm_a-e_pow.o)
                0x08009348                __ieee754_pow
 .text.fabs     0x08009ddc       0x10 /home/maheo/st/stm32cubeide_1.17.0/plugins/com.st.stm32cube.ide.mcu.externaltools.gnu-tools-for-stm32.13.3.rel1.linux64_1.0.0.202410170706/tools/bin/../lib/gcc/arm-none-eabi/13.3.1/../../../../arm-none-eabi/lib/thumb/v7e-m+fp/hard/libm.a(libm_a-s_fabs.o)
                0x08009ddc                fabs
 *fill*         0x08009dec        0x4 
 .text.scalbn   0x08009df0       0xf4 /home/maheo/st/stm32cubeide_1.17.0/plugins/com.st.stm32cube.ide.mcu.externaltools.gnu-tools-for-stm32.13.3.rel1.linux64_1.0.0.202410170706/tools/bin/../lib/gcc/arm-none-eabi/13.3.1/../../../../arm-none-eabi/lib/thumb/v7e-m+fp/hard/libm.a(libm_a-s_scalbn.o)
                0x08009df0                scalbn
 .text.with_errno
                0x08009ee4       0x24 /home/maheo/st/stm32cubeide_1.17.0/plugins/com.st.stm32cube.ide.mcu.externaltools.gnu-tools-for-stm32.13.3.rel1.linux64_1.0.0.202410170706/tools/bin/../lib/gcc/arm-none-eabi/13.3.1/../../../../arm-none-eabi/lib/thumb/v7e-m+fp/hard/libm.a(libm_a-math_err.o)
 .text.xflow    0x08009f08       0x32 /home/maheo/st/stm32cubeide_1.17.0/plugins/com.st.stm32cube.ide.mcu.externaltools.gnu-tools-for-stm32.13.3.rel1.linux64_1.0.0.202410170706/tools/bin/../lib/gcc/arm-none-eabi/13.3.1/../../../../arm-none-eabi/lib/thumb/v7e-m+fp/hard/libm.a(libm_a-math_err.o)
 *fill*         0x08009f3a        0x6 
 .text.__math_uflow
                0x08009f40       0x10 /home/maheo/st/stm32cubeide_1.17.0/plugins/com.st.stm32cube.ide.mcu.externaltools.gnu-tools-for-stm32.13.3.rel1.linux64_1.0.0.202410170706/tools/bin/../lib/gcc/arm-none-eabi/13.3.1/../../../../arm-none-eabi/lib/thumb/v7e-m+fp/hard/libm.a(libm_a-math_err.o)
                0x08009f40                __math_uflow
 .text.__math_oflow
                0x08009f50       0x10 /home/maheo/st/stm32cubeide_1.17.0/plugins/com.st.stm32cube.ide.mcu.externaltools.gnu-tools-for-stm32.13.3.rel1.linux64_1.0.0.202410170706/tools/bin/../lib/gcc/arm-none-eabi/13.3.1/../../../../arm-none-eabi/lib/thumb/v7e-m+fp/hard/libm.a(libm_a-math_err.o)
                0x08009f50                __math_oflow
 .text.__ieee754_sqrt
                0x08009f60      0x1ac /home/maheo/st/stm32cubeide_1.17.0/plugins/com.st.stm32cube.ide.mcu.externaltools.gnu-tools-for-stm32.13.3.rel1.linux64_1.0.0.202410170706/tools/bin/../lib/gcc/arm-none-eabi/13.3.1/../../../../arm-none-eabi/lib/thumb/v7e-m+fp/hard/libm.a(libm_a-e_sqrt.o)
                0x08009f60                __ieee754_sqrt
 *(.glue_7)
 .glue_7        0x0800a10c        0x0 linker stubs
 *(.glue_7t)
 .glue_7t       0x0800a10c        0x0 linker stubs
 *(.eh_frame)
 .eh_frame      0x0800a10c        0x0 /home/maheo/st/stm32cubeide_1.17.0/plugins/com.st.stm32cube.ide.mcu.externaltools.gnu-tools-for-stm32.13.3.rel1.linux64_1.0.0.202410170706/tools/bin/../lib/gcc/arm-none-eabi/13.3.1/thumb/v7e-m+fp/hard/crtbegin.o
 *(.init)
 .init          0x0800a10c        0x4 /home/maheo/st/stm32cubeide_1.17.0/plugins/com.st.stm32cube.ide.mcu.externaltools.gnu-tools-for-stm32.13.3.rel1.linux64_1.0.0.202410170706/tools/bin/../lib/gcc/arm-none-eabi/13.3.1/thumb/v7e-m+fp/hard/crti.o
                0x0800a10c                _init
 .init          0x0800a110        0x8 /home/maheo/st/stm32cubeide_1.17.0/plugins/com.st.stm32cube.ide.mcu.externaltools.gnu-tools-for-stm32.13.3.rel1.linux64_1.0.0.202410170706/tools/bin/../lib/gcc/arm-none-eabi/13.3.1/thumb/v7e-m+fp/hard/crtn.o
 *(.fini)
 .fini          0x0800a118        0x4 /home/maheo/st/stm32cubeide_1.17.0/plugins/com.st.stm32cube.ide.mcu.externaltools.gnu-tools-for-stm32.13.3.rel1.linux64_1.0.0.202410170706/tools/bin/../lib/gcc/arm-none-eabi/13.3.1/thumb/v7e-m+fp/hard/crti.o
                0x0800a118                _fini
 .fini          0x0800a11c        0x8 /home/maheo/st/stm32cubeide_1.17.0/plugins/com.st.stm32cube.ide.mcu.externaltools.gnu-tools-for-stm32.13.3.rel1.linux64_1.0.0.202410170706/tools/bin/../lib/gcc/arm-none-eabi/13.3.1/thumb/v7e-m+fp/hard/crtn.o
                0x0800a124                        . = ALIGN (0x4)
                0x0800a124                        _etext = .

.vfp11_veneer   0x0800a124        0x0
 .vfp11_veneer  0x0800a124        0x0 linker stubs

.v4_bx          0x0800a124        0x0
 .v4_bx         0x0800a124        0x0 linker stubs

.iplt           0x0800a124        0x0
 .iplt          0x0800a124        0x0 /home/maheo/st/stm32cubeide_1.17.0/plugins/com.st.stm32cube.ide.mcu.externaltools.gnu-tools-for-stm32.13.3.rel1.linux64_1.0.0.202410170706/tools/bin/../lib/gcc/arm-none-eabi/13.3.1/thumb/v7e-m+fp/hard/crtbegin.o

.rodata         0x0800a128      0x170
                0x0800a128                        . = ALIGN (0x4)
 *(.rodata)
 .rodata        0x0800a128       0x3c ./Core/Src/D-M-005/Console/Command.o
 .rodata        0x0800a164       0x87 ./Core/Src/main.o
 *(.rodata*)
 *fill*         0x0800a1eb        0x1 
 .rodata.AHBPrescTable
                0x0800a1ec       0x10 ./Core/Src/system_stm32f3xx.o
                0x0800a1ec                AHBPrescTable
 .rodata.APBPrescTable
                0x0800a1fc        0x8 ./Core/Src/system_stm32f3xx.o
                0x0800a1fc                APBPrescTable
 .rodata.aPLLMULFactorTable
                0x0800a204       0x10 ./Drivers/STM32F3xx_HAL_Driver/Src/stm32f3xx_hal_rcc.o
 .rodata.aPredivFactorTable
                0x0800a214       0x10 ./Drivers/STM32F3xx_HAL_Driver/Src/stm32f3xx_hal_rcc.o
 .rodata._svfprintf_r.str1.1
                0x0800a224       0x33 /home/maheo/st/stm32cubeide_1.17.0/plugins/com.st.stm32cube.ide.mcu.externaltools.gnu-tools-for-stm32.13.3.rel1.linux64_1.0.0.202410170706/tools/bin/../lib/gcc/arm-none-eabi/13.3.1/../../../../arm-none-eabi/lib/thumb/v7e-m+fp/hard/libc_nano.a(libc_a-nano-svfprintf.o)
                                 0x11 (size before relaxing)
 .rodata._printf_i.str1.1
                0x0800a257       0x22 /home/maheo/st/stm32cubeide_1.17.0/plugins/com.st.stm32cube.ide.mcu.externaltools.gnu-tools-for-stm32.13.3.rel1.linux64_1.0.0.202410170706/tools/bin/../lib/gcc/arm-none-eabi/13.3.1/../../../../arm-none-eabi/lib/thumb/v7e-m+fp/hard/libc_nano.a(libc_a-nano-vfprintf_i.o)
 *fill*         0x0800a257        0x1 
 .rodata.dp_l   0x0800a258       0x10 /home/maheo/st/stm32cubeide_1.17.0/plugins/com.st.stm32cube.ide.mcu.externaltools.gnu-tools-for-stm32.13.3.rel1.linux64_1.0.0.202410170706/tools/bin/../lib/gcc/arm-none-eabi/13.3.1/../../../../arm-none-eabi/lib/thumb/v7e-m+fp/hard/libm.a(libm_a-e_pow.o)
 .rodata.dp_h   0x0800a268       0x10 /home/maheo/st/stm32cubeide_1.17.0/plugins/com.st.stm32cube.ide.mcu.externaltools.gnu-tools-for-stm32.13.3.rel1.linux64_1.0.0.202410170706/tools/bin/../lib/gcc/arm-none-eabi/13.3.1/../../../../arm-none-eabi/lib/thumb/v7e-m+fp/hard/libm.a(libm_a-e_pow.o)
 .rodata.bp     0x0800a278       0x10 /home/maheo/st/stm32cubeide_1.17.0/plugins/com.st.stm32cube.ide.mcu.externaltools.gnu-tools-for-stm32.13.3.rel1.linux64_1.0.0.202410170706/tools/bin/../lib/gcc/arm-none-eabi/13.3.1/../../../../arm-none-eabi/lib/thumb/v7e-m+fp/hard/libm.a(libm_a-e_pow.o)
 .rodata.tiny   0x0800a288        0x8 /home/maheo/st/stm32cubeide_1.17.0/plugins/com.st.stm32cube.ide.mcu.externaltools.gnu-tools-for-stm32.13.3.rel1.linux64_1.0.0.202410170706/tools/bin/../lib/gcc/arm-none-eabi/13.3.1/../../../../arm-none-eabi/lib/thumb/v7e-m+fp/hard/libm.a(libm_a-e_sqrt.o)
 .rodata.one    0x0800a290        0x8 /home/maheo/st/stm32cubeide_1.17.0/plugins/com.st.stm32cube.ide.mcu.externaltools.gnu-tools-for-stm32.13.3.rel1.linux64_1.0.0.202410170706/tools/bin/../lib/gcc/arm-none-eabi/13.3.1/../../../../arm-none-eabi/lib/thumb/v7e-m+fp/hard/libm.a(libm_a-e_sqrt.o)
                0x0800a298                        . = ALIGN (0x4)

.ARM.extab      0x0800a298        0x0
                0x0800a298                        . = ALIGN (0x4)
 *(.ARM.extab* .gnu.linkonce.armextab.*)
                0x0800a298                        . = ALIGN (0x4)

.ARM            0x0800a298        0x8
                0x0800a298                        . = ALIGN (0x4)
                0x0800a298                        __exidx_start = .
 *(.ARM.exidx*)
 .ARM.exidx     0x0800a298        0x8 /home/maheo/st/stm32cubeide_1.17.0/plugins/com.st.stm32cube.ide.mcu.externaltools.gnu-tools-for-stm32.13.3.rel1.linux64_1.0.0.202410170706/tools/bin/../lib/gcc/arm-none-eabi/13.3.1/../../../../arm-none-eabi/lib/thumb/v7e-m+fp/hard/libc_nano.a(libc_a-strlen.o)
 .ARM.exidx     0x0800a2a0        0x0 /home/maheo/st/stm32cubeide_1.17.0/plugins/com.st.stm32cube.ide.mcu.externaltools.gnu-tools-for-stm32.13.3.rel1.linux64_1.0.0.202410170706/tools/bin/../lib/gcc/arm-none-eabi/13.3.1/../../../../arm-none-eabi/lib/thumb/v7e-m+fp/hard/libc_nano.a(libc_a-memchr.o)
                                  0x8 (size before relaxing)
                0x0800a2a0                        __exidx_end = .
                0x0800a2a0                        . = ALIGN (0x4)

.preinit_array  0x0800a2a0        0x0
                0x0800a2a0                        . = ALIGN (0x4)
                0x0800a2a0                        PROVIDE (__preinit_array_start = .)
 *(.preinit_array*)
                0x0800a2a0                        PROVIDE (__preinit_array_end = .)
                0x0800a2a0                        . = ALIGN (0x4)

.init_array     0x0800a2a0        0x4
                0x0800a2a0                        . = ALIGN (0x4)
                0x0800a2a0                        PROVIDE (__init_array_start = .)
 *(SORT_BY_NAME(.init_array.*))
 *(.init_array*)
 .init_array    0x0800a2a0        0x4 /home/maheo/st/stm32cubeide_1.17.0/plugins/com.st.stm32cube.ide.mcu.externaltools.gnu-tools-for-stm32.13.3.rel1.linux64_1.0.0.202410170706/tools/bin/../lib/gcc/arm-none-eabi/13.3.1/thumb/v7e-m+fp/hard/crtbegin.o
                0x0800a2a4                        PROVIDE (__init_array_end = .)
                0x0800a2a4                        . = ALIGN (0x4)

.fini_array     0x0800a2a4        0x4
                0x0800a2a4                        . = ALIGN (0x4)
                [!provide]                        PROVIDE (__fini_array_start = .)
 *(SORT_BY_NAME(.fini_array.*))
 *(.fini_array*)
 .fini_array    0x0800a2a4        0x4 /home/maheo/st/stm32cubeide_1.17.0/plugins/com.st.stm32cube.ide.mcu.externaltools.gnu-tools-for-stm32.13.3.rel1.linux64_1.0.0.202410170706/tools/bin/../lib/gcc/arm-none-eabi/13.3.1/thumb/v7e-m+fp/hard/crtbegin.o
                [!provide]                        PROVIDE (__fini_array_end = .)
                0x0800a2a8                        . = ALIGN (0x4)
                0x0800a2a8                        _sidata = LOADADDR (.data)

.rel.dyn        0x0800a2a8        0x0
 .rel.iplt      0x0800a2a8        0x0 /home/maheo/st/stm32cubeide_1.17.0/plugins/com.st.stm32cube.ide.mcu.externaltools.gnu-tools-for-stm32.13.3.rel1.linux64_1.0.0.202410170706/tools/bin/../lib/gcc/arm-none-eabi/13.3.1/thumb/v7e-m+fp/hard/crtbegin.o

.data           0x20000000       0x60 load address 0x0800a2a8
                0x20000000                        . = ALIGN (0x4)
                0x20000000                        _sdata = .
 *(.data)
 *(.data*)
 .data.PID_ConsolDebug
                0x20000000        0x1 ./Core/Src/main.o
                0x20000000                PID_ConsolDebug
 *fill*         0x20000001        0x3 
 .data.SystemCoreClock
                0x20000004        0x4 ./Core/Src/system_stm32f3xx.o
                0x20000004                SystemCoreClock
 .data.uwTickPrio
                0x20000008        0x4 ./Drivers/STM32F3xx_HAL_Driver/Src/stm32f3xx_hal.o
                0x20000008                uwTickPrio
 .data.uwTickFreq
                0x2000000c        0x1 ./Drivers/STM32F3xx_HAL_Driver/Src/stm32f3xx_hal.o
                0x2000000c                uwTickFreq
 *fill*         0x2000000d        0x3 
 .data._impure_ptr
                0x20000010        0x4 /home/maheo/st/stm32cubeide_1.17.0/plugins/com.st.stm32cube.ide.mcu.externaltools.gnu-tools-for-stm32.13.3.rel1.linux64_1.0.0.202410170706/tools/bin/../lib/gcc/arm-none-eabi/13.3.1/../../../../arm-none-eabi/lib/thumb/v7e-m+fp/hard/libc_nano.a(libc_a-impure.o)
                0x20000010                _impure_ptr
 .data._impure_data
                0x20000014       0x4c /home/maheo/st/stm32cubeide_1.17.0/plugins/com.st.stm32cube.ide.mcu.externaltools.gnu-tools-for-stm32.13.3.rel1.linux64_1.0.0.202410170706/tools/bin/../lib/gcc/arm-none-eabi/13.3.1/../../../../arm-none-eabi/lib/thumb/v7e-m+fp/hard/libc_nano.a(libc_a-impure.o)
                0x20000014                _impure_data
 *(.RamFunc)
 *(.RamFunc*)
                0x20000060                        . = ALIGN (0x4)
                0x20000060                        _edata = .
                0x0800a308                        _siccmram = LOADADDR (.ccmram)

.igot.plt       0x20000060        0x0 load address 0x0800a308
 .igot.plt      0x20000060        0x0 /home/maheo/st/stm32cubeide_1.17.0/plugins/com.st.stm32cube.ide.mcu.externaltools.gnu-tools-for-stm32.13.3.rel1.linux64_1.0.0.202410170706/tools/bin/../lib/gcc/arm-none-eabi/13.3.1/thumb/v7e-m+fp/hard/crtbegin.o

.ccmram         0x10000000        0x0 load address 0x0800a308
                0x10000000                        . = ALIGN (0x4)
                0x10000000                        _sccmram = .
 *(.ccmram)
 *(.ccmram*)
                0x10000000                        . = ALIGN (0x4)
                0x10000000                        _eccmram = .
                0x10000000                        . = ALIGN (0x4)

.bss            0x20000060      0xdc0
                0x20000060                        _sbss = .
                0x20000060                        __bss_start__ = _sbss
 *(.bss)
 .bss           0x20000060       0x1c /home/maheo/st/stm32cubeide_1.17.0/plugins/com.st.stm32cube.ide.mcu.externaltools.gnu-tools-for-stm32.13.3.rel1.linux64_1.0.0.202410170706/tools/bin/../lib/gcc/arm-none-eabi/13.3.1/thumb/v7e-m+fp/hard/crtbegin.o
 *(.bss*)
 .bss._7SegSetting
                0x2000007c       0x18 ./Core/Src/D-M-005/7Seg.o
                0x2000007c                _7SegSetting
 .bss._MotorSetting
                0x20000094       0x24 ./Core/Src/D-M-005/Motor.o
                0x20000094                _MotorSetting
 .bss._lastMode
                0x200000b8        0x1 ./Core/Src/D-M-005/Motor.o
                0x200000b8                _lastMode
 *fill*         0x200000b9        0x7 
 .bss._PidSetting
                0x200000c0       0x20 ./Core/Src/D-M-005/PID.o
                0x200000c0                _PidSetting
 .bss._RotaryEncoderSetting
                0x200000e0       0x1c ./Core/Src/D-M-005/RotaryEncoder.o
                0x200000e0                _RotaryEncoderSetting
 .bss._SwitchSetting
                0x200000fc       0x18 ./Core/Src/D-M-005/Swtich.o
                0x200000fc                _SwitchSetting
 .bss._consoleCommand_motor
                0x20000114      0x421 ./Core/Src/D-M-005/Console/Command.o
                0x20000114                _consoleCommand_motor
 *fill*         0x20000535        0x3 
 .bss._consoleCommand_pid
                0x20000538      0x421 ./Core/Src/D-M-005/Console/Command.o
                0x20000538                _consoleCommand_pid
 *fill*         0x20000959        0x3 
 .bss._ConsoleSetting
                0x2000095c        0x4 ./Core/Src/D-M-005/Console/Console.o
                0x2000095c                _ConsoleSetting
 .bss._DprintfUart
                0x20000960        0x4 ./Core/Src/D-M-005/Console/Ditel_Printf.o
                0x20000960                _DprintfUart
 .bss.hcan      0x20000964       0x28 ./Core/Src/main.o
                0x20000964                hcan
 .bss.htim1     0x2000098c       0x4c ./Core/Src/main.o
                0x2000098c                htim1
 .bss.htim2     0x200009d8       0x4c ./Core/Src/main.o
                0x200009d8                htim2
 .bss.htim3     0x20000a24       0x4c ./Core/Src/main.o
                0x20000a24                htim3
 .bss.huart1    0x20000a70       0x88 ./Core/Src/main.o
                0x20000a70                huart1
 .bss.huart2    0x20000af8       0x88 ./Core/Src/main.o
                0x20000af8                huart2
 .bss.Setting_7Seg
                0x20000b80       0x18 ./Core/Src/main.o
                0x20000b80                Setting_7Seg
 .bss.Setting_Motor
                0x20000b98       0x24 ./Core/Src/main.o
                0x20000b98                Setting_Motor
 .bss.Setting_Swich
                0x20000bbc       0x18 ./Core/Src/main.o
                0x20000bbc                Setting_Swich
 .bss.Setting_Console
                0x20000bd4        0x4 ./Core/Src/main.o
                0x20000bd4                Setting_Console
 .bss.Setting_RotaryEncoder
                0x20000bd8       0x1c ./Core/Src/main.o
                0x20000bd8                Setting_RotaryEncoder
 *fill*         0x20000bf4        0x4 
 .bss.Setting_PID
                0x20000bf8       0x20 ./Core/Src/main.o
                0x20000bf8                Setting_PID
 .bss.SwitchReadData
                0x20000c18        0x3 ./Core/Src/main.o
                0x20000c18                SwitchReadData
 *fill*         0x20000c1b        0x5 
 .bss.PidInfoAndResult
                0x20000c20       0x28 ./Core/Src/main.o
                0x20000c20                PidInfoAndResult
 .bss.canFilter
                0x20000c48       0x28 ./Core/Src/main.o
                0x20000c48                canFilter
 .bss.myAddress
                0x20000c70        0x1 ./Core/Src/main.o
                0x20000c70                myAddress
 *fill*         0x20000c71        0x3 
 .bss.commandData
                0x20000c74        0x7 ./Core/Src/main.o
                0x20000c74                commandData
 *fill*         0x20000c7b        0x1 
 .bss.lastCommandGetTime
                0x20000c7c        0x4 ./Core/Src/main.o
                0x20000c7c                lastCommandGetTime
 .bss.RxHeader  0x20000c80       0x1c ./Core/Src/main.o
                0x20000c80                RxHeader
 .bss.RxData    0x20000c9c        0x8 ./Core/Src/main.o
                0x20000c9c                RxData
 .bss.RxCanFlag
                0x20000ca4        0x1 ./Core/Src/main.o
                0x20000ca4                RxCanFlag
 .bss.PID_isEnable
                0x20000ca5        0x1 ./Core/Src/main.o
                0x20000ca5                PID_isEnable
 .bss.PID_nowMotorMode
                0x20000ca6        0x1 ./Core/Src/main.o
                0x20000ca6                PID_nowMotorMode
 .bss.PID_lastMotorMode
                0x20000ca7        0x1 ./Core/Src/main.o
                0x20000ca7                PID_lastMotorMode
 .bss.PID_MotorValue
                0x20000ca8        0x2 ./Core/Src/main.o
                0x20000ca8                PID_MotorValue
 *fill*         0x20000caa        0x2 
 .bss.rotaryEncoderResult
                0x20000cac        0x4 ./Core/Src/main.o
                0x20000cac                rotaryEncoderResult
 .bss._loopCheckCounter
                0x20000cb0        0x4 ./Core/Src/main.o
                0x20000cb0                _loopCheckCounter
 .bss._readTimeForLoopCycle
                0x20000cb4        0x4 ./Core/Src/main.o
                0x20000cb4                _readTimeForLoopCycle
 .bss._lastReadTimeForLoopCycle
                0x20000cb8        0x4 ./Core/Src/main.o
                0x20000cb8                _lastReadTimeForLoopCycle
 .bss.lastError
                0x20000cbc        0x1 ./Core/Src/main.o
                0x20000cbc                lastError
 .bss.nowMotorMode
                0x20000cbd        0x1 ./Core/Src/main.o
                0x20000cbd                nowMotorMode
 .bss.nowMotorSpeed
                0x20000cbe        0x2 ./Core/Src/main.o
                0x20000cbe                nowMotorSpeed
 .bss.nowMotorSpeedRef
                0x20000cc0        0x4 ./Core/Src/main.o
                0x20000cc0                nowMotorSpeedRef
 .bss.refMotorMode_not_PID
                0x20000cc4        0x1 ./Core/Src/main.o
                0x20000cc4                refMotorMode_not_PID
 *fill*         0x20000cc5        0x1 
 .bss.refMotorSpeed_not_PID
                0x20000cc6        0x2 ./Core/Src/main.o
                0x20000cc6                refMotorSpeed_not_PID
 .bss.filteredOperationAmount
                0x20000cc8        0x8 ./Core/Src/main.o
                0x20000cc8                filteredOperationAmount
 .bss.__sbrk_heap_end
                0x20000cd0        0x4 ./Core/Src/sysmem.o
 .bss.uwTick    0x20000cd4        0x4 ./Drivers/STM32F3xx_HAL_Driver/Src/stm32f3xx_hal.o
                0x20000cd4                uwTick
 .bss.__sf      0x20000cd8      0x138 /home/maheo/st/stm32cubeide_1.17.0/plugins/com.st.stm32cube.ide.mcu.externaltools.gnu-tools-for-stm32.13.3.rel1.linux64_1.0.0.202410170706/tools/bin/../lib/gcc/arm-none-eabi/13.3.1/../../../../arm-none-eabi/lib/thumb/v7e-m+fp/hard/libc_nano.a(libc_a-findfp.o)
                0x20000cd8                __sf
 .bss.errno     0x20000e10        0x4 /home/maheo/st/stm32cubeide_1.17.0/plugins/com.st.stm32cube.ide.mcu.externaltools.gnu-tools-for-stm32.13.3.rel1.linux64_1.0.0.202410170706/tools/bin/../lib/gcc/arm-none-eabi/13.3.1/../../../../arm-none-eabi/lib/thumb/v7e-m+fp/hard/libc_nano.a(libc_a-reent.o)
                0x20000e10                errno
 .bss.__lock___malloc_recursive_mutex
                0x20000e14        0x1 /home/maheo/st/stm32cubeide_1.17.0/plugins/com.st.stm32cube.ide.mcu.externaltools.gnu-tools-for-stm32.13.3.rel1.linux64_1.0.0.202410170706/tools/bin/../lib/gcc/arm-none-eabi/13.3.1/../../../../arm-none-eabi/lib/thumb/v7e-m+fp/hard/libc_nano.a(libc_a-lock.o)
                0x20000e14                __lock___malloc_recursive_mutex
 *fill*         0x20000e15        0x3 
 .bss.__malloc_sbrk_start
                0x20000e18        0x4 /home/maheo/st/stm32cubeide_1.17.0/plugins/com.st.stm32cube.ide.mcu.externaltools.gnu-tools-for-stm32.13.3.rel1.linux64_1.0.0.202410170706/tools/bin/../lib/gcc/arm-none-eabi/13.3.1/../../../../arm-none-eabi/lib/thumb/v7e-m+fp/hard/libc_nano.a(libc_a-mallocr.o)
                0x20000e18                __malloc_sbrk_start
 .bss.__malloc_free_list
                0x20000e1c        0x4 /home/maheo/st/stm32cubeide_1.17.0/plugins/com.st.stm32cube.ide.mcu.externaltools.gnu-tools-for-stm32.13.3.rel1.linux64_1.0.0.202410170706/tools/bin/../lib/gcc/arm-none-eabi/13.3.1/../../../../arm-none-eabi/lib/thumb/v7e-m+fp/hard/libc_nano.a(libc_a-mallocr.o)
                0x20000e1c                __malloc_free_list
 *(COMMON)
                0x20000e20                        . = ALIGN (0x4)
                0x20000e20                        _ebss = .
                0x20000e20                        __bss_end__ = _ebss

._user_heap_stack
                0x20000e20      0x600
                0x20000e20                        . = ALIGN (0x8)
                [!provide]                        PROVIDE (end = .)
                0x20000e20                        PROVIDE (_end = .)
                0x20001020                        . = (. + _Min_Heap_Size)
 *fill*         0x20000e20      0x200 
                0x20001420                        . = (. + _Min_Stack_Size)
 *fill*         0x20001020      0x400 
                0x20001420                        . = ALIGN (0x8)

/DISCARD/
 libc.a(*)
 libm.a(*)
 libgcc.a(*)

.ARM.attributes
                0x00000000       0x30
 *(.ARM.attributes)
 .ARM.attributes
                0x00000000       0x22 /home/maheo/st/stm32cubeide_1.17.0/plugins/com.st.stm32cube.ide.mcu.externaltools.gnu-tools-for-stm32.13.3.rel1.linux64_1.0.0.202410170706/tools/bin/../lib/gcc/arm-none-eabi/13.3.1/thumb/v7e-m+fp/hard/crti.o
 .ARM.attributes
                0x00000022       0x34 /home/maheo/st/stm32cubeide_1.17.0/plugins/com.st.stm32cube.ide.mcu.externaltools.gnu-tools-for-stm32.13.3.rel1.linux64_1.0.0.202410170706/tools/bin/../lib/gcc/arm-none-eabi/13.3.1/thumb/v7e-m+fp/hard/crtbegin.o
 .ARM.attributes
                0x00000056       0x34 ./Core/Src/D-M-005/7Seg.o
 .ARM.attributes
                0x0000008a       0x34 ./Core/Src/D-M-005/Motor.o
 .ARM.attributes
                0x000000be       0x34 ./Core/Src/D-M-005/PID.o
 .ARM.attributes
                0x000000f2       0x34 ./Core/Src/D-M-005/RotaryEncoder.o
 .ARM.attributes
                0x00000126       0x34 ./Core/Src/D-M-005/Swtich.o
 .ARM.attributes
                0x0000015a       0x34 ./Core/Src/D-M-005/Utility.o
 .ARM.attributes
                0x0000018e       0x34 ./Core/Src/D-M-005/Console/Command.o
 .ARM.attributes
                0x000001c2       0x34 ./Core/Src/D-M-005/Console/Console.o
 .ARM.attributes
                0x000001f6       0x34 ./Core/Src/D-M-005/Console/Ditel_Printf.o
 .ARM.attributes
                0x0000022a       0x34 ./Core/Src/main.o
 .ARM.attributes
                0x0000025e       0x34 ./Core/Src/stm32f3xx_hal_msp.o
 .ARM.attributes
                0x00000292       0x34 ./Core/Src/stm32f3xx_it.o
 .ARM.attributes
                0x000002c6       0x34 ./Core/Src/sysmem.o
 .ARM.attributes
                0x000002fa       0x34 ./Core/Src/system_stm32f3xx.o
 .ARM.attributes
                0x0000032e       0x21 ./Core/Startup/startup_stm32f303k8tx.o
 .ARM.attributes
                0x0000034f       0x34 ./Drivers/STM32F3xx_HAL_Driver/Src/stm32f3xx_hal.o
 .ARM.attributes
                0x00000383       0x34 ./Drivers/STM32F3xx_HAL_Driver/Src/stm32f3xx_hal_can.o
 .ARM.attributes
                0x000003b7       0x34 ./Drivers/STM32F3xx_HAL_Driver/Src/stm32f3xx_hal_cortex.o
 .ARM.attributes
                0x000003eb       0x34 ./Drivers/STM32F3xx_HAL_Driver/Src/stm32f3xx_hal_dma.o
 .ARM.attributes
                0x0000041f       0x34 ./Drivers/STM32F3xx_HAL_Driver/Src/stm32f3xx_hal_gpio.o
 .ARM.attributes
                0x00000453       0x34 ./Drivers/STM32F3xx_HAL_Driver/Src/stm32f3xx_hal_rcc.o
 .ARM.attributes
                0x00000487       0x34 ./Drivers/STM32F3xx_HAL_Driver/Src/stm32f3xx_hal_rcc_ex.o
 .ARM.attributes
                0x000004bb       0x34 ./Drivers/STM32F3xx_HAL_Driver/Src/stm32f3xx_hal_tim.o
 .ARM.attributes
                0x000004ef       0x34 ./Drivers/STM32F3xx_HAL_Driver/Src/stm32f3xx_hal_tim_ex.o
 .ARM.attributes
                0x00000523       0x34 ./Drivers/STM32F3xx_HAL_Driver/Src/stm32f3xx_hal_uart.o
 .ARM.attributes
                0x00000557       0x34 ./Drivers/STM32F3xx_HAL_Driver/Src/stm32f3xx_hal_uart_ex.o
 .ARM.attributes
                0x0000058b       0x34 /home/maheo/st/stm32cubeide_1.17.0/plugins/com.st.stm32cube.ide.mcu.externaltools.gnu-tools-for-stm32.13.3.rel1.linux64_1.0.0.202410170706/tools/bin/../lib/gcc/arm-none-eabi/13.3.1/../../../../arm-none-eabi/lib/thumb/v7e-m+fp/hard/libc_nano.a(libc_a-findfp.o)
 .ARM.attributes
                0x000005bf       0x34 /home/maheo/st/stm32cubeide_1.17.0/plugins/com.st.stm32cube.ide.mcu.externaltools.gnu-tools-for-stm32.13.3.rel1.linux64_1.0.0.202410170706/tools/bin/../lib/gcc/arm-none-eabi/13.3.1/../../../../arm-none-eabi/lib/thumb/v7e-m+fp/hard/libc_nano.a(libc_a-sprintf.o)
 .ARM.attributes
                0x000005f3       0x34 /home/maheo/st/stm32cubeide_1.17.0/plugins/com.st.stm32cube.ide.mcu.externaltools.gnu-tools-for-stm32.13.3.rel1.linux64_1.0.0.202410170706/tools/bin/../lib/gcc/arm-none-eabi/13.3.1/../../../../arm-none-eabi/lib/thumb/v7e-m+fp/hard/libc_nano.a(libc_a-memset.o)
 .ARM.attributes
                0x00000627       0x34 /home/maheo/st/stm32cubeide_1.17.0/plugins/com.st.stm32cube.ide.mcu.externaltools.gnu-tools-for-stm32.13.3.rel1.linux64_1.0.0.202410170706/tools/bin/../lib/gcc/arm-none-eabi/13.3.1/../../../../arm-none-eabi/lib/thumb/v7e-m+fp/hard/libc_nano.a(libc_a-strcat.o)
 .ARM.attributes
                0x0000065b       0x34 /home/maheo/st/stm32cubeide_1.17.0/plugins/com.st.stm32cube.ide.mcu.externaltools.gnu-tools-for-stm32.13.3.rel1.linux64_1.0.0.202410170706/tools/bin/../lib/gcc/arm-none-eabi/13.3.1/../../../../arm-none-eabi/lib/thumb/v7e-m+fp/hard/libc_nano.a(libc_a-reent.o)
 .ARM.attributes
                0x0000068f       0x34 /home/maheo/st/stm32cubeide_1.17.0/plugins/com.st.stm32cube.ide.mcu.externaltools.gnu-tools-for-stm32.13.3.rel1.linux64_1.0.0.202410170706/tools/bin/../lib/gcc/arm-none-eabi/13.3.1/../../../../arm-none-eabi/lib/thumb/v7e-m+fp/hard/libc_nano.a(libc_a-impure.o)
 .ARM.attributes
                0x000006c3       0x34 /home/maheo/st/stm32cubeide_1.17.0/plugins/com.st.stm32cube.ide.mcu.externaltools.gnu-tools-for-stm32.13.3.rel1.linux64_1.0.0.202410170706/tools/bin/../lib/gcc/arm-none-eabi/13.3.1/../../../../arm-none-eabi/lib/thumb/v7e-m+fp/hard/libc_nano.a(libc_a-errno.o)
 .ARM.attributes
                0x000006f7       0x34 /home/maheo/st/stm32cubeide_1.17.0/plugins/com.st.stm32cube.ide.mcu.externaltools.gnu-tools-for-stm32.13.3.rel1.linux64_1.0.0.202410170706/tools/bin/../lib/gcc/arm-none-eabi/13.3.1/../../../../arm-none-eabi/lib/thumb/v7e-m+fp/hard/libc_nano.a(libc_a-init.o)
 .ARM.attributes
                0x0000072b       0x34 /home/maheo/st/stm32cubeide_1.17.0/plugins/com.st.stm32cube.ide.mcu.externaltools.gnu-tools-for-stm32.13.3.rel1.linux64_1.0.0.202410170706/tools/bin/../lib/gcc/arm-none-eabi/13.3.1/../../../../arm-none-eabi/lib/thumb/v7e-m+fp/hard/libc_nano.a(libc_a-lock.o)
 .ARM.attributes
                0x0000075f       0x17 /home/maheo/st/stm32cubeide_1.17.0/plugins/com.st.stm32cube.ide.mcu.externaltools.gnu-tools-for-stm32.13.3.rel1.linux64_1.0.0.202410170706/tools/bin/../lib/gcc/arm-none-eabi/13.3.1/../../../../arm-none-eabi/lib/thumb/v7e-m+fp/hard/libc_nano.a(libc_a-strlen.o)
 .ARM.attributes
                0x00000776       0x34 /home/maheo/st/stm32cubeide_1.17.0/plugins/com.st.stm32cube.ide.mcu.externaltools.gnu-tools-for-stm32.13.3.rel1.linux64_1.0.0.202410170706/tools/bin/../lib/gcc/arm-none-eabi/13.3.1/../../../../arm-none-eabi/lib/thumb/v7e-m+fp/hard/libc_nano.a(libc_a-freer.o)
 .ARM.attributes
                0x000007aa       0x34 /home/maheo/st/stm32cubeide_1.17.0/plugins/com.st.stm32cube.ide.mcu.externaltools.gnu-tools-for-stm32.13.3.rel1.linux64_1.0.0.202410170706/tools/bin/../lib/gcc/arm-none-eabi/13.3.1/../../../../arm-none-eabi/lib/thumb/v7e-m+fp/hard/libc_nano.a(libc_a-mallocr.o)
 .ARM.attributes
                0x000007de       0x34 /home/maheo/st/stm32cubeide_1.17.0/plugins/com.st.stm32cube.ide.mcu.externaltools.gnu-tools-for-stm32.13.3.rel1.linux64_1.0.0.202410170706/tools/bin/../lib/gcc/arm-none-eabi/13.3.1/../../../../arm-none-eabi/lib/thumb/v7e-m+fp/hard/libc_nano.a(libc_a-mlock.o)
 .ARM.attributes
                0x00000812       0x34 /home/maheo/st/stm32cubeide_1.17.0/plugins/com.st.stm32cube.ide.mcu.externaltools.gnu-tools-for-stm32.13.3.rel1.linux64_1.0.0.202410170706/tools/bin/../lib/gcc/arm-none-eabi/13.3.1/../../../../arm-none-eabi/lib/thumb/v7e-m+fp/hard/libc_nano.a(libc_a-nano-svfprintf.o)
 .ARM.attributes
                0x00000846       0x34 /home/maheo/st/stm32cubeide_1.17.0/plugins/com.st.stm32cube.ide.mcu.externaltools.gnu-tools-for-stm32.13.3.rel1.linux64_1.0.0.202410170706/tools/bin/../lib/gcc/arm-none-eabi/13.3.1/../../../../arm-none-eabi/lib/thumb/v7e-m+fp/hard/libc_nano.a(libc_a-nano-vfprintf_i.o)
 .ARM.attributes
                0x0000087a       0x34 /home/maheo/st/stm32cubeide_1.17.0/plugins/com.st.stm32cube.ide.mcu.externaltools.gnu-tools-for-stm32.13.3.rel1.linux64_1.0.0.202410170706/tools/bin/../lib/gcc/arm-none-eabi/13.3.1/../../../../arm-none-eabi/lib/thumb/v7e-m+fp/hard/libc_nano.a(libc_a-memmove.o)
 .ARM.attributes
                0x000008ae       0x34 /home/maheo/st/stm32cubeide_1.17.0/plugins/com.st.stm32cube.ide.mcu.externaltools.gnu-tools-for-stm32.13.3.rel1.linux64_1.0.0.202410170706/tools/bin/../lib/gcc/arm-none-eabi/13.3.1/../../../../arm-none-eabi/lib/thumb/v7e-m+fp/hard/libc_nano.a(libc_a-sbrkr.o)
 .ARM.attributes
                0x000008e2       0x1c /home/maheo/st/stm32cubeide_1.17.0/plugins/com.st.stm32cube.ide.mcu.externaltools.gnu-tools-for-stm32.13.3.rel1.linux64_1.0.0.202410170706/tools/bin/../lib/gcc/arm-none-eabi/13.3.1/../../../../arm-none-eabi/lib/thumb/v7e-m+fp/hard/libc_nano.a(libc_a-memchr.o)
 .ARM.attributes
                0x000008fe       0x34 /home/maheo/st/stm32cubeide_1.17.0/plugins/com.st.stm32cube.ide.mcu.externaltools.gnu-tools-for-stm32.13.3.rel1.linux64_1.0.0.202410170706/tools/bin/../lib/gcc/arm-none-eabi/13.3.1/../../../../arm-none-eabi/lib/thumb/v7e-m+fp/hard/libc_nano.a(libc_a-memcpy-stub.o)
 .ARM.attributes
                0x00000932       0x34 /home/maheo/st/stm32cubeide_1.17.0/plugins/com.st.stm32cube.ide.mcu.externaltools.gnu-tools-for-stm32.13.3.rel1.linux64_1.0.0.202410170706/tools/bin/../lib/gcc/arm-none-eabi/13.3.1/../../../../arm-none-eabi/lib/thumb/v7e-m+fp/hard/libc_nano.a(libc_a-reallocr.o)
 .ARM.attributes
                0x00000966       0x34 /home/maheo/st/stm32cubeide_1.17.0/plugins/com.st.stm32cube.ide.mcu.externaltools.gnu-tools-for-stm32.13.3.rel1.linux64_1.0.0.202410170706/tools/bin/../lib/gcc/arm-none-eabi/13.3.1/../../../../arm-none-eabi/lib/thumb/v7e-m+fp/hard/libc_nano.a(libc_a-msizer.o)
 .ARM.attributes
                0x0000099a       0x34 /home/maheo/st/stm32cubeide_1.17.0/plugins/com.st.stm32cube.ide.mcu.externaltools.gnu-tools-for-stm32.13.3.rel1.linux64_1.0.0.202410170706/tools/bin/../lib/gcc/arm-none-eabi/13.3.1/../../../../arm-none-eabi/lib/thumb/v7e-m+fp/hard/libm.a(libm_a-w_pow.o)
 .ARM.attributes
                0x000009ce       0x34 /home/maheo/st/stm32cubeide_1.17.0/plugins/com.st.stm32cube.ide.mcu.externaltools.gnu-tools-for-stm32.13.3.rel1.linux64_1.0.0.202410170706/tools/bin/../lib/gcc/arm-none-eabi/13.3.1/../../../../arm-none-eabi/lib/thumb/v7e-m+fp/hard/libm.a(libm_a-s_finite.o)
 .ARM.attributes
                0x00000a02       0x34 /home/maheo/st/stm32cubeide_1.17.0/plugins/com.st.stm32cube.ide.mcu.externaltools.gnu-tools-for-stm32.13.3.rel1.linux64_1.0.0.202410170706/tools/bin/../lib/gcc/arm-none-eabi/13.3.1/../../../../arm-none-eabi/lib/thumb/v7e-m+fp/hard/libm.a(libm_a-e_pow.o)
 .ARM.attributes
                0x00000a36       0x34 /home/maheo/st/stm32cubeide_1.17.0/plugins/com.st.stm32cube.ide.mcu.externaltools.gnu-tools-for-stm32.13.3.rel1.linux64_1.0.0.202410170706/tools/bin/../lib/gcc/arm-none-eabi/13.3.1/../../../../arm-none-eabi/lib/thumb/v7e-m+fp/hard/libm.a(libm_a-s_fabs.o)
 .ARM.attributes
                0x00000a6a       0x34 /home/maheo/st/stm32cubeide_1.17.0/plugins/com.st.stm32cube.ide.mcu.externaltools.gnu-tools-for-stm32.13.3.rel1.linux64_1.0.0.202410170706/tools/bin/../lib/gcc/arm-none-eabi/13.3.1/../../../../arm-none-eabi/lib/thumb/v7e-m+fp/hard/libm.a(libm_a-s_scalbn.o)
 .ARM.attributes
                0x00000a9e       0x34 /home/maheo/st/stm32cubeide_1.17.0/plugins/com.st.stm32cube.ide.mcu.externaltools.gnu-tools-for-stm32.13.3.rel1.linux64_1.0.0.202410170706/tools/bin/../lib/gcc/arm-none-eabi/13.3.1/../../../../arm-none-eabi/lib/thumb/v7e-m+fp/hard/libm.a(libm_a-math_err.o)
 .ARM.attributes
                0x00000ad2       0x34 /home/maheo/st/stm32cubeide_1.17.0/plugins/com.st.stm32cube.ide.mcu.externaltools.gnu-tools-for-stm32.13.3.rel1.linux64_1.0.0.202410170706/tools/bin/../lib/gcc/arm-none-eabi/13.3.1/../../../../arm-none-eabi/lib/thumb/v7e-m+fp/hard/libm.a(libm_a-e_sqrt.o)
 .ARM.attributes
                0x00000b06       0x22 /home/maheo/st/stm32cubeide_1.17.0/plugins/com.st.stm32cube.ide.mcu.externaltools.gnu-tools-for-stm32.13.3.rel1.linux64_1.0.0.202410170706/tools/bin/../lib/gcc/arm-none-eabi/13.3.1/thumb/v7e-m+fp/hard/libgcc.a(_arm_addsubdf3.o)
 .ARM.attributes
                0x00000b28       0x22 /home/maheo/st/stm32cubeide_1.17.0/plugins/com.st.stm32cube.ide.mcu.externaltools.gnu-tools-for-stm32.13.3.rel1.linux64_1.0.0.202410170706/tools/bin/../lib/gcc/arm-none-eabi/13.3.1/thumb/v7e-m+fp/hard/libgcc.a(_arm_muldivdf3.o)
 .ARM.attributes
                0x00000b4a       0x22 /home/maheo/st/stm32cubeide_1.17.0/plugins/com.st.stm32cube.ide.mcu.externaltools.gnu-tools-for-stm32.13.3.rel1.linux64_1.0.0.202410170706/tools/bin/../lib/gcc/arm-none-eabi/13.3.1/thumb/v7e-m+fp/hard/libgcc.a(_arm_cmpdf2.o)
 .ARM.attributes
                0x00000b6c       0x22 /home/maheo/st/stm32cubeide_1.17.0/plugins/com.st.stm32cube.ide.mcu.externaltools.gnu-tools-for-stm32.13.3.rel1.linux64_1.0.0.202410170706/tools/bin/../lib/gcc/arm-none-eabi/13.3.1/thumb/v7e-m+fp/hard/libgcc.a(_arm_unorddf2.o)
 .ARM.attributes
                0x00000b8e       0x22 /home/maheo/st/stm32cubeide_1.17.0/plugins/com.st.stm32cube.ide.mcu.externaltools.gnu-tools-for-stm32.13.3.rel1.linux64_1.0.0.202410170706/tools/bin/../lib/gcc/arm-none-eabi/13.3.1/thumb/v7e-m+fp/hard/libgcc.a(_arm_fixdfsi.o)
 .ARM.attributes
                0x00000bb0       0x22 /home/maheo/st/stm32cubeide_1.17.0/plugins/com.st.stm32cube.ide.mcu.externaltools.gnu-tools-for-stm32.13.3.rel1.linux64_1.0.0.202410170706/tools/bin/../lib/gcc/arm-none-eabi/13.3.1/thumb/v7e-m+fp/hard/libgcc.a(_arm_fixunsdfsi.o)
 .ARM.attributes
                0x00000bd2       0x22 /home/maheo/st/stm32cubeide_1.17.0/plugins/com.st.stm32cube.ide.mcu.externaltools.gnu-tools-for-stm32.13.3.rel1.linux64_1.0.0.202410170706/tools/bin/../lib/gcc/arm-none-eabi/13.3.1/thumb/v7e-m+fp/hard/crtn.o
OUTPUT(Ditel_MotorDriver_005.elf elf32-littlearm)
LOAD linker stubs
LOAD /home/maheo/st/stm32cubeide_1.17.0/plugins/com.st.stm32cube.ide.mcu.externaltools.gnu-tools-for-stm32.13.3.rel1.linux64_1.0.0.202410170706/tools/bin/../lib/gcc/arm-none-eabi/13.3.1/../../../../arm-none-eabi/lib/thumb/v7e-m+fp/hard/libc.a
LOAD /home/maheo/st/stm32cubeide_1.17.0/plugins/com.st.stm32cube.ide.mcu.externaltools.gnu-tools-for-stm32.13.3.rel1.linux64_1.0.0.202410170706/tools/bin/../lib/gcc/arm-none-eabi/13.3.1/../../../../arm-none-eabi/lib/thumb/v7e-m+fp/hard/libm.a
LOAD /home/maheo/st/stm32cubeide_1.17.0/plugins/com.st.stm32cube.ide.mcu.externaltools.gnu-tools-for-stm32.13.3.rel1.linux64_1.0.0.202410170706/tools/bin/../lib/gcc/arm-none-eabi/13.3.1/thumb/v7e-m+fp/hard/libgcc.a

.debug_info     0x00000000    0x142cc
 .debug_info    0x00000000      0x370 ./Core/Src/D-M-005/7Seg.o
 .debug_info    0x00000370      0x917 ./Core/Src/D-M-005/Motor.o
 .debug_info    0x00000c87      0x1a4 ./Core/Src/D-M-005/PID.o
 .debug_info    0x00000e2b      0x7f9 ./Core/Src/D-M-005/RotaryEncoder.o
 .debug_info    0x00001624      0x2eb ./Core/Src/D-M-005/Swtich.o
 .debug_info    0x0000190f       0xe1 ./Core/Src/D-M-005/Utility.o
 .debug_info    0x000019f0      0x372 ./Core/Src/D-M-005/Console/Command.o
 .debug_info    0x00001d62      0x8a0 ./Core/Src/D-M-005/Console/Console.o
 .debug_info    0x00002602      0x813 ./Core/Src/D-M-005/Console/Ditel_Printf.o
 .debug_info    0x00002e15     0x228c ./Core/Src/main.o
 .debug_info    0x000050a1     0x138e ./Core/Src/stm32f3xx_hal_msp.o
 .debug_info    0x0000642f      0xacb ./Core/Src/stm32f3xx_it.o
 .debug_info    0x00006efa      0x168 ./Core/Src/sysmem.o
 .debug_info    0x00007062      0x407 ./Core/Src/system_stm32f3xx.o
 .debug_info    0x00007469       0x30 ./Core/Startup/startup_stm32f303k8tx.o
 .debug_info    0x00007499      0x74a ./Drivers/STM32F3xx_HAL_Driver/Src/stm32f3xx_hal.o
 .debug_info    0x00007be3      0xf02 ./Drivers/STM32F3xx_HAL_Driver/Src/stm32f3xx_hal_can.o
 .debug_info    0x00008ae5      0xa87 ./Drivers/STM32F3xx_HAL_Driver/Src/stm32f3xx_hal_cortex.o
 .debug_info    0x0000956c      0x6e1 ./Drivers/STM32F3xx_HAL_Driver/Src/stm32f3xx_hal_dma.o
 .debug_info    0x00009c4d      0x6a6 ./Drivers/STM32F3xx_HAL_Driver/Src/stm32f3xx_hal_gpio.o
 .debug_info    0x0000a2f3     0x148a ./Drivers/STM32F3xx_HAL_Driver/Src/stm32f3xx_hal_rcc.o
 .debug_info    0x0000b77d      0x52e ./Drivers/STM32F3xx_HAL_Driver/Src/stm32f3xx_hal_rcc_ex.o
 .debug_info    0x0000bcab     0x2a70 ./Drivers/STM32F3xx_HAL_Driver/Src/stm32f3xx_hal_tim.o
 .debug_info    0x0000e71b     0x156d ./Drivers/STM32F3xx_HAL_Driver/Src/stm32f3xx_hal_tim_ex.o
 .debug_info    0x0000fc88     0x39a8 ./Drivers/STM32F3xx_HAL_Driver/Src/stm32f3xx_hal_uart.o
 .debug_info    0x00013630      0xc9c ./Drivers/STM32F3xx_HAL_Driver/Src/stm32f3xx_hal_uart_ex.o

.debug_abbrev   0x00000000     0x317a
 .debug_abbrev  0x00000000      0x170 ./Core/Src/D-M-005/7Seg.o
 .debug_abbrev  0x00000170      0x1bc ./Core/Src/D-M-005/Motor.o
 .debug_abbrev  0x0000032c       0xd6 ./Core/Src/D-M-005/PID.o
 .debug_abbrev  0x00000402      0x18b ./Core/Src/D-M-005/RotaryEncoder.o
 .debug_abbrev  0x0000058d      0x181 ./Core/Src/D-M-005/Swtich.o
 .debug_abbrev  0x0000070e       0x9e ./Core/Src/D-M-005/Utility.o
 .debug_abbrev  0x000007ac      0x190 ./Core/Src/D-M-005/Console/Command.o
 .debug_abbrev  0x0000093c      0x220 ./Core/Src/D-M-005/Console/Console.o
 .debug_abbrev  0x00000b5c      0x1f8 ./Core/Src/D-M-005/Console/Ditel_Printf.o
 .debug_abbrev  0x00000d54      0x37f ./Core/Src/main.o
 .debug_abbrev  0x000010d3      0x255 ./Core/Src/stm32f3xx_hal_msp.o
 .debug_abbrev  0x00001328      0x1cc ./Core/Src/stm32f3xx_it.o
 .debug_abbrev  0x000014f4       0xbc ./Core/Src/sysmem.o
 .debug_abbrev  0x000015b0      0x11a ./Core/Src/system_stm32f3xx.o
 .debug_abbrev  0x000016ca       0x24 ./Core/Startup/startup_stm32f303k8tx.o
 .debug_abbrev  0x000016ee      0x215 ./Drivers/STM32F3xx_HAL_Driver/Src/stm32f3xx_hal.o
 .debug_abbrev  0x00001903      0x1fc ./Drivers/STM32F3xx_HAL_Driver/Src/stm32f3xx_hal_can.o
 .debug_abbrev  0x00001aff      0x2f8 ./Drivers/STM32F3xx_HAL_Driver/Src/stm32f3xx_hal_cortex.o
 .debug_abbrev  0x00001df7      0x20d ./Drivers/STM32F3xx_HAL_Driver/Src/stm32f3xx_hal_dma.o
 .debug_abbrev  0x00002004      0x1ca ./Drivers/STM32F3xx_HAL_Driver/Src/stm32f3xx_hal_gpio.o
 .debug_abbrev  0x000021ce      0x300 ./Drivers/STM32F3xx_HAL_Driver/Src/stm32f3xx_hal_rcc.o
 .debug_abbrev  0x000024ce      0x221 ./Drivers/STM32F3xx_HAL_Driver/Src/stm32f3xx_hal_rcc_ex.o
 .debug_abbrev  0x000026ef      0x278 ./Drivers/STM32F3xx_HAL_Driver/Src/stm32f3xx_hal_tim.o
 .debug_abbrev  0x00002967      0x283 ./Drivers/STM32F3xx_HAL_Driver/Src/stm32f3xx_hal_tim_ex.o
 .debug_abbrev  0x00002bea      0x2d1 ./Drivers/STM32F3xx_HAL_Driver/Src/stm32f3xx_hal_uart.o
 .debug_abbrev  0x00002ebb      0x2bf ./Drivers/STM32F3xx_HAL_Driver/Src/stm32f3xx_hal_uart_ex.o

.debug_aranges  0x00000000     0x1050
 .debug_aranges
                0x00000000       0x48 ./Core/Src/D-M-005/7Seg.o
 .debug_aranges
                0x00000048       0x30 ./Core/Src/D-M-005/Motor.o
 .debug_aranges
                0x00000078       0x28 ./Core/Src/D-M-005/PID.o
 .debug_aranges
                0x000000a0       0x28 ./Core/Src/D-M-005/RotaryEncoder.o
 .debug_aranges
                0x000000c8       0x28 ./Core/Src/D-M-005/Swtich.o
 .debug_aranges
                0x000000f0       0x20 ./Core/Src/D-M-005/Utility.o
 .debug_aranges
                0x00000110       0x28 ./Core/Src/D-M-005/Console/Command.o
 .debug_aranges
                0x00000138       0x30 ./Core/Src/D-M-005/Console/Console.o
 .debug_aranges
                0x00000168       0x28 ./Core/Src/D-M-005/Console/Ditel_Printf.o
 .debug_aranges
                0x00000190       0xe0 ./Core/Src/main.o
 .debug_aranges
                0x00000270       0x58 ./Core/Src/stm32f3xx_hal_msp.o
 .debug_aranges
                0x000002c8       0x70 ./Core/Src/stm32f3xx_it.o
 .debug_aranges
                0x00000338       0x20 ./Core/Src/sysmem.o
 .debug_aranges
                0x00000358       0x28 ./Core/Src/system_stm32f3xx.o
 .debug_aranges
                0x00000380       0x28 ./Core/Startup/startup_stm32f303k8tx.o
 .debug_aranges
                0x000003a8       0xe0 ./Drivers/STM32F3xx_HAL_Driver/Src/stm32f3xx_hal.o
 .debug_aranges
                0x00000488      0x138 ./Drivers/STM32F3xx_HAL_Driver/Src/stm32f3xx_hal_can.o
 .debug_aranges
                0x000005c0      0x100 ./Drivers/STM32F3xx_HAL_Driver/Src/stm32f3xx_hal_cortex.o
 .debug_aranges
                0x000006c0       0x88 ./Drivers/STM32F3xx_HAL_Driver/Src/stm32f3xx_hal_dma.o
 .debug_aranges
                0x00000748       0x58 ./Drivers/STM32F3xx_HAL_Driver/Src/stm32f3xx_hal_gpio.o
 .debug_aranges
                0x000007a0       0x88 ./Drivers/STM32F3xx_HAL_Driver/Src/stm32f3xx_hal_rcc.o
 .debug_aranges
                0x00000828       0x38 ./Drivers/STM32F3xx_HAL_Driver/Src/stm32f3xx_hal_rcc_ex.o
 .debug_aranges
                0x00000860      0x3e0 ./Drivers/STM32F3xx_HAL_Driver/Src/stm32f3xx_hal_tim.o
 .debug_aranges
                0x00000c40      0x178 ./Drivers/STM32F3xx_HAL_Driver/Src/stm32f3xx_hal_tim_ex.o
 .debug_aranges
                0x00000db8      0x228 ./Drivers/STM32F3xx_HAL_Driver/Src/stm32f3xx_hal_uart.o
 .debug_aranges
                0x00000fe0       0x70 ./Drivers/STM32F3xx_HAL_Driver/Src/stm32f3xx_hal_uart_ex.o

.debug_rnglists
                0x00000000      0xcbd
 .debug_rnglists
                0x00000000       0x35 ./Core/Src/D-M-005/7Seg.o
 .debug_rnglists
                0x00000035       0x21 ./Core/Src/D-M-005/Motor.o
 .debug_rnglists
                0x00000056       0x1a ./Core/Src/D-M-005/PID.o
 .debug_rnglists
                0x00000070       0x1a ./Core/Src/D-M-005/RotaryEncoder.o
 .debug_rnglists
                0x0000008a       0x1a ./Core/Src/D-M-005/Swtich.o
 .debug_rnglists
                0x000000a4       0x13 ./Core/Src/D-M-005/Utility.o
 .debug_rnglists
                0x000000b7       0x3f ./Core/Src/D-M-005/Console/Command.o
 .debug_rnglists
                0x000000f6       0x21 ./Core/Src/D-M-005/Console/Console.o
 .debug_rnglists
                0x00000117       0x1a ./Core/Src/D-M-005/Console/Ditel_Printf.o
 .debug_rnglists
                0x00000131       0xae ./Core/Src/main.o
 .debug_rnglists
                0x000001df       0x41 ./Core/Src/stm32f3xx_hal_msp.o
 .debug_rnglists
                0x00000220       0x4f ./Core/Src/stm32f3xx_it.o
 .debug_rnglists
                0x0000026f       0x13 ./Core/Src/sysmem.o
 .debug_rnglists
                0x00000282       0x1a ./Core/Src/system_stm32f3xx.o
 .debug_rnglists
                0x0000029c       0x19 ./Core/Startup/startup_stm32f303k8tx.o
 .debug_rnglists
                0x000002b5       0xa3 ./Drivers/STM32F3xx_HAL_Driver/Src/stm32f3xx_hal.o
 .debug_rnglists
                0x00000358       0xee ./Drivers/STM32F3xx_HAL_Driver/Src/stm32f3xx_hal_can.o
 .debug_rnglists
                0x00000446       0xbb ./Drivers/STM32F3xx_HAL_Driver/Src/stm32f3xx_hal_cortex.o
 .debug_rnglists
                0x00000501       0x69 ./Drivers/STM32F3xx_HAL_Driver/Src/stm32f3xx_hal_dma.o
 .debug_rnglists
                0x0000056a       0x3f ./Drivers/STM32F3xx_HAL_Driver/Src/stm32f3xx_hal_gpio.o
 .debug_rnglists
                0x000005a9       0x66 ./Drivers/STM32F3xx_HAL_Driver/Src/stm32f3xx_hal_rcc.o
 .debug_rnglists
                0x0000060f       0x27 ./Drivers/STM32F3xx_HAL_Driver/Src/stm32f3xx_hal_rcc_ex.o
 .debug_rnglists
                0x00000636      0x328 ./Drivers/STM32F3xx_HAL_Driver/Src/stm32f3xx_hal_tim.o
 .debug_rnglists
                0x0000095e      0x131 ./Drivers/STM32F3xx_HAL_Driver/Src/stm32f3xx_hal_tim_ex.o
 .debug_rnglists
                0x00000a8f      0x1da ./Drivers/STM32F3xx_HAL_Driver/Src/stm32f3xx_hal_uart.o
 .debug_rnglists
                0x00000c69       0x54 ./Drivers/STM32F3xx_HAL_Driver/Src/stm32f3xx_hal_uart_ex.o

.debug_macro    0x00000000    0x1decc
 .debug_macro   0x00000000      0x1e7 ./Core/Src/D-M-005/7Seg.o
 .debug_macro   0x000001e7      0xad8 ./Core/Src/D-M-005/7Seg.o
 .debug_macro   0x00000cbf      0x164 ./Core/Src/D-M-005/7Seg.o
 .debug_macro   0x00000e23       0x2e ./Core/Src/D-M-005/7Seg.o
 .debug_macro   0x00000e51       0x28 ./Core/Src/D-M-005/7Seg.o
 .debug_macro   0x00000e79       0x22 ./Core/Src/D-M-005/7Seg.o
 .debug_macro   0x00000e9b       0x8e ./Core/Src/D-M-005/7Seg.o
 .debug_macro   0x00000f29       0x51 ./Core/Src/D-M-005/7Seg.o
 .debug_macro   0x00000f7a      0x103 ./Core/Src/D-M-005/7Seg.o
 .debug_macro   0x0000107d       0x6a ./Core/Src/D-M-005/7Seg.o
 .debug_macro   0x000010e7      0x1df ./Core/Src/D-M-005/7Seg.o
 .debug_macro   0x000012c6       0x1c ./Core/Src/D-M-005/7Seg.o
 .debug_macro   0x000012e2       0x22 ./Core/Src/D-M-005/7Seg.o
 .debug_macro   0x00001304       0xd9 ./Core/Src/D-M-005/7Seg.o
 .debug_macro   0x000013dd      0xf07 ./Core/Src/D-M-005/7Seg.o
 .debug_macro   0x000022e4    0x10be0 ./Core/Src/D-M-005/7Seg.o
 .debug_macro   0x00012ec4       0x6d ./Core/Src/D-M-005/7Seg.o
 .debug_macro   0x00012f31     0x3574 ./Core/Src/D-M-005/7Seg.o
 .debug_macro   0x000164a5      0x190 ./Core/Src/D-M-005/7Seg.o
 .debug_macro   0x00016635       0x55 ./Core/Src/D-M-005/7Seg.o
 .debug_macro   0x0001668a      0x8f8 ./Core/Src/D-M-005/7Seg.o
 .debug_macro   0x00016f82      0x304 ./Core/Src/D-M-005/7Seg.o
 .debug_macro   0x00017286      0x1b5 ./Core/Src/D-M-005/7Seg.o
 .debug_macro   0x0001743b      0x11b ./Core/Src/D-M-005/7Seg.o
 .debug_macro   0x00017556      0x1d5 ./Core/Src/D-M-005/7Seg.o
 .debug_macro   0x0001772b      0x1bc ./Core/Src/D-M-005/7Seg.o
 .debug_macro   0x000178e7       0x34 ./Core/Src/D-M-005/7Seg.o
 .debug_macro   0x0001791b       0x3c ./Core/Src/D-M-005/7Seg.o
 .debug_macro   0x00017957       0x57 ./Core/Src/D-M-005/7Seg.o
 .debug_macro   0x000179ae      0x408 ./Core/Src/D-M-005/7Seg.o
 .debug_macro   0x00017db6       0xc5 ./Core/Src/D-M-005/7Seg.o
 .debug_macro   0x00017e7b      0x19f ./Core/Src/D-M-005/7Seg.o
 .debug_macro   0x0001801a      0x22c ./Core/Src/D-M-005/7Seg.o